<?xml version="1.0" encoding="ISO-8859-1" ?>
<link_info>
   <banner>TI ARM Linker PC v18.1.2.LTS</banner>
   <copyright>Copyright (c) 1996-2017 Texas Instruments Incorporated</copyright>
   <link_time>0x5e639600</link_time>
   <link_errors>0x0</link_errors>
   <output_file>___Bachelorarbeit.out</output_file>
   <entry_point>
      <name>_c_int00_noargs</name>
      <address>0x83f9</address>
   </entry_point>
   <input_file_list>
      <input_file id="fl-2">
         <path>.\</path>
         <kind>object</kind>
         <file>___Bachelorarbeit.obj</file>
         <name>___Bachelorarbeit.obj</name>
      </input_file>
      <input_file id="fl-3">
         <path>.\</path>
         <kind>object</kind>
         <file>io.obj</file>
         <name>io.obj</name>
      </input_file>
      <input_file id="fl-4">
         <path>.\</path>
         <kind>object</kind>
         <file>io_fs.obj</file>
         <name>io_fs.obj</name>
      </input_file>
      <input_file id="fl-5">
         <path>.\</path>
         <kind>object</kind>
         <file>startup_ccs.obj</file>
         <name>startup_ccs.obj</name>
      </input_file>
      <input_file id="fl-6">
         <path>.\drivers\</path>
         <kind>object</kind>
         <file>pinout.obj</file>
         <name>pinout.obj</name>
      </input_file>
      <input_file id="fl-7">
         <path>.\third_party\lwip-1.4.1\apps\httpserver_raw\</path>
         <kind>object</kind>
         <file>httpd.obj</file>
         <name>httpd.obj</name>
      </input_file>
      <input_file id="fl-8">
         <path>.\utils\</path>
         <kind>object</kind>
         <file>locator.obj</file>
         <name>locator.obj</name>
      </input_file>
      <input_file id="fl-9">
         <path>.\utils\</path>
         <kind>object</kind>
         <file>lwiplib.obj</file>
         <name>lwiplib.obj</name>
      </input_file>
      <input_file id="fl-a">
         <path>.\utils\</path>
         <kind>object</kind>
         <file>uartstdio.obj</file>
         <name>uartstdio.obj</name>
      </input_file>
      <input_file id="fl-b">
         <path>.\utils\</path>
         <kind>object</kind>
         <file>ustdlib.obj</file>
         <name>ustdlib.obj</name>
      </input_file>
      <input_file id="fl-10">
         <kind>object</kind>
         <file>&lt;internal&gt;</file>
         <name>&lt;internal&gt;</name>
      </input_file>
      <input_file id="fl-c6">
         <path>C:\ti\ccsv8\tools\compiler\ti-cgt-arm_18.1.2.LTS\lib\</path>
         <kind>archive</kind>
         <file>rtsv7M4_T_le_v4SPD16_eabi.lib</file>
         <name>u_divt2.asm.obj</name>
      </input_file>
      <input_file id="fl-c7">
         <path>C:\ti\ccsv8\tools\compiler\ti-cgt-arm_18.1.2.LTS\lib\</path>
         <kind>archive</kind>
         <file>rtsv7M4_T_le_v4SPD16_eabi.lib</file>
         <name>memset_t2.asm.obj</name>
      </input_file>
      <input_file id="fl-c8">
         <path>C:\ti\ccsv8\tools\compiler\ti-cgt-arm_18.1.2.LTS\lib\</path>
         <kind>archive</kind>
         <file>rtsv7M4_T_le_v4SPD16_eabi.lib</file>
         <name>fd_div_t2.asm.obj</name>
      </input_file>
      <input_file id="fl-c9">
         <path>C:\ti\ccsv8\tools\compiler\ti-cgt-arm_18.1.2.LTS\lib\</path>
         <kind>archive</kind>
         <file>rtsv7M4_T_le_v4SPD16_eabi.lib</file>
         <name>fd_mul_t2.asm.obj</name>
      </input_file>
      <input_file id="fl-ca">
         <path>C:\ti\ccsv8\tools\compiler\ti-cgt-arm_18.1.2.LTS\lib\</path>
         <kind>archive</kind>
         <file>rtsv7M4_T_le_v4SPD16_eabi.lib</file>
         <name>fd_tos_t2.asm.obj</name>
      </input_file>
      <input_file id="fl-cb">
         <path>C:\ti\ccsv8\tools\compiler\ti-cgt-arm_18.1.2.LTS\lib\</path>
         <kind>archive</kind>
         <file>rtsv7M4_T_le_v4SPD16_eabi.lib</file>
         <name>fs_tod_t2.asm.obj</name>
      </input_file>
      <input_file id="fl-cc">
         <path>C:\ti\ccsv8\tools\compiler\ti-cgt-arm_18.1.2.LTS\lib\</path>
         <kind>archive</kind>
         <file>rtsv7M4_T_le_v4SPD16_eabi.lib</file>
         <name>memcpy_t2.asm.obj</name>
      </input_file>
      <input_file id="fl-cd">
         <path>C:\ti\ccsv8\tools\compiler\ti-cgt-arm_18.1.2.LTS\lib\</path>
         <kind>archive</kind>
         <file>rtsv7M4_T_le_v4SPD16_eabi.lib</file>
         <name>u_tofd_t2.asm.obj</name>
      </input_file>
      <input_file id="fl-ce">
         <path>C:\ti\ccsv8\tools\compiler\ti-cgt-arm_18.1.2.LTS\lib\</path>
         <kind>archive</kind>
         <file>rtsv7M4_T_le_v4SPD16_eabi.lib</file>
         <name>copy_zero_init.c.obj</name>
      </input_file>
      <input_file id="fl-cf">
         <path>C:\ti\ccsv8\tools\compiler\ti-cgt-arm_18.1.2.LTS\lib\</path>
         <kind>archive</kind>
         <file>rtsv7M4_T_le_v4SPD16_eabi.lib</file>
         <name>copy_decompress_none.c.obj</name>
      </input_file>
      <input_file id="fl-d0">
         <path>C:\ti\ccsv8\tools\compiler\ti-cgt-arm_18.1.2.LTS\lib\</path>
         <kind>archive</kind>
         <file>rtsv7M4_T_le_v4SPD16_eabi.lib</file>
         <name>copy_decompress_lzss.c.obj</name>
      </input_file>
      <input_file id="fl-d1">
         <path>C:\ti\ccsv8\tools\compiler\ti-cgt-arm_18.1.2.LTS\lib\</path>
         <kind>archive</kind>
         <file>rtsv7M4_T_le_v4SPD16_eabi.lib</file>
         <name>boot_cortex_m.c.obj</name>
      </input_file>
      <input_file id="fl-d2">
         <path>C:\ti\ccsv8\tools\compiler\ti-cgt-arm_18.1.2.LTS\lib\</path>
         <kind>archive</kind>
         <file>rtsv7M4_T_le_v4SPD16_eabi.lib</file>
         <name>exit.c.obj</name>
      </input_file>
      <input_file id="fl-d3">
         <path>C:\ti\ccsv8\tools\compiler\ti-cgt-arm_18.1.2.LTS\lib\</path>
         <kind>archive</kind>
         <file>rtsv7M4_T_le_v4SPD16_eabi.lib</file>
         <name>_lock.c.obj</name>
      </input_file>
      <input_file id="fl-d4">
         <path>C:\ti\ccsv8\tools\compiler\ti-cgt-arm_18.1.2.LTS\lib\</path>
         <kind>archive</kind>
         <file>rtsv7M4_T_le_v4SPD16_eabi.lib</file>
         <name>args_main.c.obj</name>
      </input_file>
      <input_file id="fl-d5">
         <path>C:\ti\ccsv8\tools\compiler\ti-cgt-arm_18.1.2.LTS\lib\</path>
         <kind>archive</kind>
         <file>rtsv7M4_T_le_v4SPD16_eabi.lib</file>
         <name>memcmp.c.obj</name>
      </input_file>
      <input_file id="fl-d6">
         <path>C:\ti\ccsv8\tools\compiler\ti-cgt-arm_18.1.2.LTS\lib\</path>
         <kind>archive</kind>
         <file>rtsv7M4_T_le_v4SPD16_eabi.lib</file>
         <name>snprintf.c.obj</name>
      </input_file>
      <input_file id="fl-d7">
         <path>C:\ti\ccsv8\tools\compiler\ti-cgt-arm_18.1.2.LTS\lib\</path>
         <kind>archive</kind>
         <file>rtsv7M4_T_le_v4SPD16_eabi.lib</file>
         <name>strchr.c.obj</name>
      </input_file>
      <input_file id="fl-d8">
         <path>C:\ti\ccsv8\tools\compiler\ti-cgt-arm_18.1.2.LTS\lib\</path>
         <kind>archive</kind>
         <file>rtsv7M4_T_le_v4SPD16_eabi.lib</file>
         <name>strcmp.c.obj</name>
      </input_file>
      <input_file id="fl-d9">
         <path>C:\ti\ccsv8\tools\compiler\ti-cgt-arm_18.1.2.LTS\lib\</path>
         <kind>archive</kind>
         <file>rtsv7M4_T_le_v4SPD16_eabi.lib</file>
         <name>strlen.c.obj</name>
      </input_file>
      <input_file id="fl-da">
         <path>C:\ti\ccsv8\tools\compiler\ti-cgt-arm_18.1.2.LTS\lib\</path>
         <kind>archive</kind>
         <file>rtsv7M4_T_le_v4SPD16_eabi.lib</file>
         <name>strncmp.c.obj</name>
      </input_file>
      <input_file id="fl-db">
         <path>C:\ti\ccsv8\tools\compiler\ti-cgt-arm_18.1.2.LTS\lib\</path>
         <kind>archive</kind>
         <file>rtsv7M4_T_le_v4SPD16_eabi.lib</file>
         <name>strstr.c.obj</name>
      </input_file>
      <input_file id="fl-dc">
         <path>C:\ti\ccsv8\tools\compiler\ti-cgt-arm_18.1.2.LTS\lib\</path>
         <kind>archive</kind>
         <file>rtsv7M4_T_le_v4SPD16_eabi.lib</file>
         <name>div0.asm.obj</name>
      </input_file>
      <input_file id="fl-dd">
         <path>C:\ti\ccsv8\tools\compiler\ti-cgt-arm_18.1.2.LTS\lib\</path>
         <kind>archive</kind>
         <file>rtsv7M4_T_le_v4SPD16_eabi.lib</file>
         <name>autoinit.c.obj</name>
      </input_file>
      <input_file id="fl-de">
         <path>C:\ti\ccsv8\tools\compiler\ti-cgt-arm_18.1.2.LTS\lib\</path>
         <kind>archive</kind>
         <file>rtsv7M4_T_le_v4SPD16_eabi.lib</file>
         <name>pre_init.c.obj</name>
      </input_file>
      <input_file id="fl-df">
         <path>C:\ti\ccsv8\tools\compiler\ti-cgt-arm_18.1.2.LTS\lib\</path>
         <kind>archive</kind>
         <file>rtsv7M4_T_le_v4SPD16_eabi.lib</file>
         <name>cpy_tbl.c.obj</name>
      </input_file>
      <input_file id="fl-e0">
         <path>C:\ti\ccsv8\tools\compiler\ti-cgt-arm_18.1.2.LTS\lib\</path>
         <kind>archive</kind>
         <file>rtsv7M4_T_le_v4SPD16_eabi.lib</file>
         <name>_printfi.c.obj</name>
      </input_file>
      <input_file id="fl-e1">
         <path>C:\ti\ccsv8\tools\compiler\ti-cgt-arm_18.1.2.LTS\lib\</path>
         <kind>archive</kind>
         <file>rtsv7M4_T_le_v4SPD16_eabi.lib</file>
         <name>atoi.c.obj</name>
      </input_file>
      <input_file id="fl-e2">
         <path>C:\ti\ccsv8\tools\compiler\ti-cgt-arm_18.1.2.LTS\lib\</path>
         <kind>archive</kind>
         <file>rtsv7M4_T_le_v4SPD16_eabi.lib</file>
         <name>ctype.c.obj</name>
      </input_file>
      <input_file id="fl-e3">
         <path>C:\ti\ccsv8\tools\compiler\ti-cgt-arm_18.1.2.LTS\lib\</path>
         <kind>archive</kind>
         <file>rtsv7M4_T_le_v4SPD16_eabi.lib</file>
         <name>ltoa.c.obj</name>
      </input_file>
      <input_file id="fl-e4">
         <path>C:\ti\ccsv8\tools\compiler\ti-cgt-arm_18.1.2.LTS\lib\</path>
         <kind>archive</kind>
         <file>rtsv7M4_T_le_v4SPD16_eabi.lib</file>
         <name>memccpy.c.obj</name>
      </input_file>
      <input_file id="fl-e5">
         <path>C:\ti\ccsv8\tools\compiler\ti-cgt-arm_18.1.2.LTS\lib\</path>
         <kind>archive</kind>
         <file>rtsv7M4_T_le_v4SPD16_eabi.lib</file>
         <name>s_frexp.c.obj</name>
      </input_file>
      <input_file id="fl-e6">
         <path>C:\ti\ccsv8\tools\compiler\ti-cgt-arm_18.1.2.LTS\lib\</path>
         <kind>archive</kind>
         <file>rtsv7M4_T_le_v4SPD16_eabi.lib</file>
         <name>s_scalbn.c.obj</name>
      </input_file>
      <input_file id="fl-e7">
         <path>C:\ti\ccsv8\tools\compiler\ti-cgt-arm_18.1.2.LTS\lib\</path>
         <kind>archive</kind>
         <file>rtsv7M4_T_le_v4SPD16_eabi.lib</file>
         <name>s_copysign.c.obj</name>
      </input_file>
      <input_file id="fl-e8">
         <path>C:\ti\ccsv8\tools\compiler\ti-cgt-arm_18.1.2.LTS\lib\</path>
         <kind>archive</kind>
         <file>rtsv7M4_T_le_v4SPD16_eabi.lib</file>
         <name>wcslen.c.obj</name>
      </input_file>
      <input_file id="fl-e9">
         <path>C:\ti\ccsv8\tools\compiler\ti-cgt-arm_18.1.2.LTS\lib\</path>
         <kind>archive</kind>
         <file>rtsv7M4_T_le_v4SPD16_eabi.lib</file>
         <name>fd_add_t2.asm.obj</name>
      </input_file>
      <input_file id="fl-ea">
         <path>C:\ti\ccsv8\tools\compiler\ti-cgt-arm_18.1.2.LTS\lib\</path>
         <kind>archive</kind>
         <file>rtsv7M4_T_le_v4SPD16_eabi.lib</file>
         <name>fd_cmp_t2.asm.obj</name>
      </input_file>
      <input_file id="fl-eb">
         <path>C:\ti\ccsv8\tools\compiler\ti-cgt-arm_18.1.2.LTS\lib\</path>
         <kind>archive</kind>
         <file>rtsv7M4_T_le_v4SPD16_eabi.lib</file>
         <name>fd_toi_t2.asm.obj</name>
      </input_file>
      <input_file id="fl-ec">
         <path>C:\ti\ccsv8\tools\compiler\ti-cgt-arm_18.1.2.LTS\lib\</path>
         <kind>archive</kind>
         <file>rtsv7M4_T_le_v4SPD16_eabi.lib</file>
         <name>i_tofd_t2.asm.obj</name>
      </input_file>
      <input_file id="fl-ed">
         <path>C:\ti\ccsv8\tools\compiler\ti-cgt-arm_18.1.2.LTS\lib\</path>
         <kind>archive</kind>
         <file>rtsv7M4_T_le_v4SPD16_eabi.lib</file>
         <name>ull_div_t2.asm.obj</name>
      </input_file>
      <input_file id="fl-ee">
         <path>C:\ti\ccsv8\tools\compiler\ti-cgt-arm_18.1.2.LTS\lib\</path>
         <kind>archive</kind>
         <file>rtsv7M4_T_le_v4SPD16_eabi.lib</file>
         <name>errno.c.obj</name>
      </input_file>
      <input_file id="fl-ef">
         <path>C:\ti\TivaWare_C_Series-2.1.4.178\driverlib\ccs\Debug\</path>
         <kind>archive</kind>
         <file>driverlib.lib</file>
         <name>emac.obj</name>
      </input_file>
      <input_file id="fl-f0">
         <path>C:\ti\TivaWare_C_Series-2.1.4.178\driverlib\ccs\Debug\</path>
         <kind>archive</kind>
         <file>driverlib.lib</file>
         <name>flash.obj</name>
      </input_file>
      <input_file id="fl-f1">
         <path>C:\ti\TivaWare_C_Series-2.1.4.178\driverlib\ccs\Debug\</path>
         <kind>archive</kind>
         <file>driverlib.lib</file>
         <name>gpio.obj</name>
      </input_file>
      <input_file id="fl-f2">
         <path>C:\ti\TivaWare_C_Series-2.1.4.178\driverlib\ccs\Debug\</path>
         <kind>archive</kind>
         <file>driverlib.lib</file>
         <name>interrupt.obj</name>
      </input_file>
      <input_file id="fl-f3">
         <path>C:\ti\TivaWare_C_Series-2.1.4.178\driverlib\ccs\Debug\</path>
         <kind>archive</kind>
         <file>driverlib.lib</file>
         <name>sw_crc.obj</name>
      </input_file>
      <input_file id="fl-f4">
         <path>C:\ti\TivaWare_C_Series-2.1.4.178\driverlib\ccs\Debug\</path>
         <kind>archive</kind>
         <file>driverlib.lib</file>
         <name>sysctl.obj</name>
      </input_file>
      <input_file id="fl-f5">
         <path>C:\ti\TivaWare_C_Series-2.1.4.178\driverlib\ccs\Debug\</path>
         <kind>archive</kind>
         <file>driverlib.lib</file>
         <name>systick.obj</name>
      </input_file>
      <input_file id="fl-f6">
         <path>C:\ti\TivaWare_C_Series-2.1.4.178\driverlib\ccs\Debug\</path>
         <kind>archive</kind>
         <file>driverlib.lib</file>
         <name>cpu.obj</name>
      </input_file>
   </input_file_list>
   <object_component_list>
      <object_component id="oc-f">
         <name>.intvecs</name>
         <load_address>0x0</load_address>
         <run_address>0x0</run_address>
         <size>0x200</size>
         <input_file_ref idref="fl-5"/>
      </object_component>
      <object_component id="oc-786">
         <name>.text:__TI_printfi</name>
         <load_address>0x200</load_address>
         <run_address>0x200</run_address>
         <size>0xa5e</size>
         <input_file_ref idref="fl-e0"/>
      </object_component>
      <object_component id="oc-30">
         <name>.text:FaultISR</name>
         <load_address>0xc5e</load_address>
         <run_address>0xc5e</run_address>
         <size>0x2</size>
         <input_file_ref idref="fl-5"/>
      </object_component>
      <object_component id="oc-972">
         <name>.text:tcp_receive</name>
         <load_address>0xc60</load_address>
         <run_address>0xc60</run_address>
         <size>0x7ac</size>
         <input_file_ref idref="fl-9"/>
      </object_component>
      <object_component id="oc-8f0">
         <name>.text:http_send_data</name>
         <load_address>0x140c</load_address>
         <run_address>0x140c</run_address>
         <size>0x4a6</size>
         <input_file_ref idref="fl-7"/>
      </object_component>
      <object_component id="oc-36">
         <name>.text:IntDefaultHandler</name>
         <load_address>0x18b2</load_address>
         <run_address>0x18b2</run_address>
         <size>0x2</size>
         <input_file_ref idref="fl-5"/>
      </object_component>
      <object_component id="oc-688">
         <name>.text:tcp_input</name>
         <load_address>0x18b4</load_address>
         <run_address>0x18b4</run_address>
         <size>0x3cc</size>
         <input_file_ref idref="fl-9"/>
      </object_component>
      <object_component id="oc-7f0">
         <name>.text:tcp_process</name>
         <load_address>0x1c80</load_address>
         <run_address>0x1c80</run_address>
         <size>0x3b4</size>
         <input_file_ref idref="fl-9"/>
      </object_component>
      <object_component id="oc-e5">
         <name>.text:main</name>
         <load_address>0x2034</load_address>
         <run_address>0x2034</run_address>
         <size>0x330</size>
         <input_file_ref idref="fl-2"/>
      </object_component>
      <object_component id="oc-abe">
         <name>.text:tcp_write</name>
         <load_address>0x2364</load_address>
         <run_address>0x2364</run_address>
         <size>0x2e8</size>
         <input_file_ref idref="fl-9"/>
      </object_component>
      <object_component id="oc-362">
         <name>.text:tcp_slowtmr</name>
         <load_address>0x264c</load_address>
         <run_address>0x264c</run_address>
         <size>0x2c8</size>
         <input_file_ref idref="fl-9"/>
      </object_component>
      <object_component id="oc-931">
         <name>.text:_pconv_a</name>
         <load_address>0x2914</load_address>
         <run_address>0x2914</run_address>
         <size>0x270</size>
         <input_file_ref idref="fl-e0"/>
      </object_component>
      <object_component id="oc-5fc">
         <name>.text:uvsnprintf</name>
         <load_address>0x2b84</load_address>
         <run_address>0x2b84</run_address>
         <size>0x251</size>
         <input_file_ref idref="fl-b"/>
      </object_component>
      <object_component id="oc-2a">
         <name>.text:NmiSR</name>
         <load_address>0x2dd6</load_address>
         <run_address>0x2dd6</run_address>
         <size>0x2</size>
         <input_file_ref idref="fl-5"/>
      </object_component>
      <object_component id="oc-1c9">
         <name>.text:PinoutSet</name>
         <load_address>0x2dd8</load_address>
         <run_address>0x2dd8</run_address>
         <size>0x218</size>
         <input_file_ref idref="fl-6"/>
      </object_component>
      <object_component id="oc-1c3">
         <name>.text:SysCtlClockFreqSet</name>
         <load_address>0x2ff0</load_address>
         <run_address>0x2ff0</run_address>
         <size>0x200</size>
         <input_file_ref idref="fl-f4"/>
      </object_component>
      <object_component id="oc-3b1">
         <name>.text:UARTvprintf</name>
         <load_address>0x31f0</load_address>
         <run_address>0x31f0</run_address>
         <size>0x1ea</size>
         <input_file_ref idref="fl-a"/>
      </object_component>
      <object_component id="oc-205">
         <name>.text:io_init</name>
         <load_address>0x33da</load_address>
         <run_address>0x33da</run_address>
         <size>0x2</size>
         <input_file_ref idref="fl-3"/>
      </object_component>
      <object_component id="oc-91f">
         <name>.text:_pconv_g</name>
         <load_address>0x33dc</load_address>
         <run_address>0x33dc</run_address>
         <size>0x1d0</size>
         <input_file_ref idref="fl-e0"/>
      </object_component>
      <object_component id="oc-4cf">
         <name>.text:ip_input</name>
         <load_address>0x35ac</load_address>
         <run_address>0x35ac</run_address>
         <size>0x1c0</size>
         <input_file_ref idref="fl-9"/>
      </object_component>
      <object_component id="oc-682">
         <name>.text:udp_input</name>
         <load_address>0x376c</load_address>
         <run_address>0x376c</run_address>
         <size>0x1bc</size>
         <input_file_ref idref="fl-9"/>
      </object_component>
      <object_component id="oc-a1a">
         <name>.text</name>
         <load_address>0x3928</load_address>
         <run_address>0x3928</run_address>
         <size>0x1b6</size>
         <input_file_ref idref="fl-e9"/>
      </object_component>
      <object_component id="oc-6e1">
         <name>.text</name>
         <load_address>0x3ade</load_address>
         <run_address>0x3ade</run_address>
         <size>0x2</size>
         <input_file_ref idref="fl-dc"/>
      </object_component>
      <object_component id="oc-29e">
         <name>.text:SSIHandler</name>
         <load_address>0x3ae0</load_address>
         <run_address>0x3ae0</run_address>
         <size>0x1a8</size>
         <input_file_ref idref="fl-2"/>
      </object_component>
      <object_component id="oc-68e">
         <name>.text:icmp_input</name>
         <load_address>0x3c88</load_address>
         <run_address>0x3c88</run_address>
         <size>0x1a4</size>
         <input_file_ref idref="fl-9"/>
      </object_component>
      <object_component id="oc-4f7">
         <name>.text:tcp_output</name>
         <load_address>0x3e2c</load_address>
         <run_address>0x3e2c</run_address>
         <size>0x18c</size>
         <input_file_ref idref="fl-9"/>
      </object_component>
      <object_component id="oc-988">
         <name>.text:tcp_close_shutdown</name>
         <load_address>0x3fb8</load_address>
         <run_address>0x3fb8</run_address>
         <size>0x148</size>
         <input_file_ref idref="fl-9"/>
      </object_component>
      <object_component id="oc-11b">
         <name>.text:tivaif_receive</name>
         <load_address>0x4100</load_address>
         <run_address>0x4100</run_address>
         <size>0x140</size>
         <input_file_ref idref="fl-9"/>
      </object_component>
      <object_component id="oc-92b">
         <name>.text:_pconv_e</name>
         <load_address>0x4240</load_address>
         <run_address>0x4240</run_address>
         <size>0x13c</size>
         <input_file_ref idref="fl-e0"/>
      </object_component>
      <object_component id="oc-33d">
         <name>.text:pbuf_alloc</name>
         <load_address>0x437c</load_address>
         <run_address>0x437c</run_address>
         <size>0x13a</size>
         <input_file_ref idref="fl-9"/>
      </object_component>
      <object_component id="oc-270">
         <name>.text</name>
         <load_address>0x44b6</load_address>
         <run_address>0x44b6</run_address>
         <size>0x136</size>
         <input_file_ref idref="fl-c8"/>
      </object_component>
      <object_component id="oc-395">
         <name>.text:GPIOPadConfigSet</name>
         <load_address>0x45ec</load_address>
         <run_address>0x45ec</run_address>
         <size>0x132</size>
         <input_file_ref idref="fl-f1"/>
      </object_component>
      <object_component id="oc-4c3">
         <name>.text:etharp_arp_input</name>
         <load_address>0x4720</load_address>
         <run_address>0x4720</run_address>
         <size>0x124</size>
         <input_file_ref idref="fl-9"/>
      </object_component>
      <object_component id="oc-a2c">
         <name>.text:fcvt</name>
         <load_address>0x4844</load_address>
         <run_address>0x4844</run_address>
         <size>0x120</size>
         <input_file_ref idref="fl-e0"/>
      </object_component>
      <object_component id="oc-713">
         <name>.text:etharp_output</name>
         <load_address>0x4964</load_address>
         <run_address>0x4964</run_address>
         <size>0x118</size>
         <input_file_ref idref="fl-9"/>
      </object_component>
      <object_component id="oc-8ab">
         <name>.text:etharp_query</name>
         <load_address>0x4a7c</load_address>
         <run_address>0x4a7c</run_address>
         <size>0x114</size>
         <input_file_ref idref="fl-9"/>
      </object_component>
      <object_component id="oc-9d1">
         <name>.text:http_find_file</name>
         <load_address>0x4b90</load_address>
         <run_address>0x4b90</run_address>
         <size>0x114</size>
         <input_file_ref idref="fl-7"/>
      </object_component>
      <object_component id="oc-7e4">
         <name>.text:tcp_listen_input</name>
         <load_address>0x4ca4</load_address>
         <run_address>0x4ca4</run_address>
         <size>0x114</size>
         <input_file_ref idref="fl-9"/>
      </object_component>
      <object_component id="oc-a40">
         <name>.text:scalbn</name>
         <load_address>0x4db8</load_address>
         <run_address>0x4db8</run_address>
         <size>0x110</size>
         <input_file_ref idref="fl-e6"/>
      </object_component>
      <object_component id="oc-719">
         <name>.text:tivaif_transmit</name>
         <load_address>0x4ec8</load_address>
         <run_address>0x4ec8</run_address>
         <size>0x100</size>
         <input_file_ref idref="fl-9"/>
      </object_component>
      <object_component id="oc-275">
         <name>.text</name>
         <load_address>0x4fc8</load_address>
         <run_address>0x4fc8</run_address>
         <size>0xfc</size>
         <input_file_ref idref="fl-c9"/>
      </object_component>
      <object_component id="oc-4e5">
         <name>.text:mem_malloc</name>
         <load_address>0x50c4</load_address>
         <run_address>0x50c4</run_address>
         <size>0xf8</size>
         <input_file_ref idref="fl-9"/>
      </object_component>
      <object_component id="oc-b14">
         <name>.text:get_http_headers</name>
         <load_address>0x51bc</load_address>
         <run_address>0x51bc</run_address>
         <size>0xec</size>
         <input_file_ref idref="fl-7"/>
      </object_component>
      <object_component id="oc-812">
         <name>.text:ip_output_if</name>
         <load_address>0x52a8</load_address>
         <run_address>0x52a8</run_address>
         <size>0xe8</size>
         <input_file_ref idref="fl-9"/>
      </object_component>
      <object_component id="oc-7d2">
         <name>.text:mem_trim</name>
         <load_address>0x5390</load_address>
         <run_address>0x5390</run_address>
         <size>0xe8</size>
         <input_file_ref idref="fl-9"/>
      </object_component>
      <object_component id="oc-1f3">
         <name>.text:lwIPInit</name>
         <load_address>0x5478</load_address>
         <run_address>0x5478</run_address>
         <size>0xe4</size>
         <input_file_ref idref="fl-9"/>
      </object_component>
      <object_component id="oc-7bd">
         <name>.text:etharp_find_entry</name>
         <load_address>0x555c</load_address>
         <run_address>0x555c</run_address>
         <size>0xe0</size>
         <input_file_ref idref="fl-9"/>
      </object_component>
      <object_component id="oc-6a7">
         <name>.text:tcp_output_segment</name>
         <load_address>0x563c</load_address>
         <run_address>0x563c</run_address>
         <size>0xd8</size>
         <input_file_ref idref="fl-9"/>
      </object_component>
      <object_component id="oc-9ea">
         <name>.text:get_tag_insert</name>
         <load_address>0x5714</load_address>
         <run_address>0x5714</run_address>
         <size>0xd0</size>
         <input_file_ref idref="fl-7"/>
      </object_component>
      <object_component id="oc-720">
         <name>.text:tcp_alloc</name>
         <load_address>0x57e4</load_address>
         <run_address>0x57e4</run_address>
         <size>0xd0</size>
         <input_file_ref idref="fl-9"/>
      </object_component>
      <object_component id="oc-872">
         <name>.text:InitDMADescriptors</name>
         <load_address>0x58b4</load_address>
         <run_address>0x58b4</run_address>
         <size>0xc4</size>
         <input_file_ref idref="fl-9"/>
      </object_component>
      <object_component id="oc-63d">
         <name>.text:etharp_raw</name>
         <load_address>0x5978</load_address>
         <run_address>0x5978</run_address>
         <size>0xc4</size>
         <input_file_ref idref="fl-9"/>
      </object_component>
      <object_component id="oc-a68">
         <name>.text:tcp_create_segment</name>
         <load_address>0x5a3c</load_address>
         <run_address>0x5a3c</run_address>
         <size>0xbc</size>
         <input_file_ref idref="fl-9"/>
      </object_component>
      <object_component id="oc-70a">
         <name>.text:tivaif_hwinit</name>
         <load_address>0x5af8</load_address>
         <run_address>0x5af8</run_address>
         <size>0xbc</size>
         <input_file_ref idref="fl-9"/>
      </object_component>
      <object_component id="oc-121">
         <name>.text:lwIPHostTimerHandler</name>
         <load_address>0x5bb4</load_address>
         <run_address>0x5bb4</run_address>
         <size>0xb4</size>
         <input_file_ref idref="fl-2"/>
      </object_component>
      <object_component id="oc-914">
         <name>.text:_ltostr</name>
         <load_address>0x5c68</load_address>
         <run_address>0x5c68</run_address>
         <size>0xb1</size>
         <input_file_ref idref="fl-e0"/>
      </object_component>
      <object_component id="oc-337">
         <name>.text:ethernet_input</name>
         <load_address>0x5d1c</load_address>
         <run_address>0x5d1c</run_address>
         <size>0xac</size>
         <input_file_ref idref="fl-9"/>
      </object_component>
      <object_component id="oc-964">
         <name>.text:tcp_enqueue_flags</name>
         <load_address>0x5dc8</load_address>
         <run_address>0x5dc8</run_address>
         <size>0xac</size>
         <input_file_ref idref="fl-9"/>
      </object_component>
      <object_component id="oc-50c">
         <name>.text:tcp_zero_window_probe</name>
         <load_address>0x5e74</load_address>
         <run_address>0x5e74</run_address>
         <size>0xac</size>
         <input_file_ref idref="fl-9"/>
      </object_component>
      <object_component id="oc-6c9">
         <name>.text:inet_chksum_pseudo</name>
         <load_address>0x5f20</load_address>
         <run_address>0x5f20</run_address>
         <size>0xa0</size>
         <input_file_ref idref="fl-9"/>
      </object_component>
      <object_component id="oc-8ea">
         <name>.text:http_parse_request</name>
         <load_address>0x5fc0</load_address>
         <run_address>0x5fc0</run_address>
         <size>0x9e</size>
         <input_file_ref idref="fl-7"/>
      </object_component>
      <object_component id="oc-56">
         <name>.text</name>
         <load_address>0x605e</load_address>
         <run_address>0x605e</run_address>
         <size>0x9c</size>
         <input_file_ref idref="fl-cc"/>
      </object_component>
      <object_component id="oc-5b4">
         <name>.text:tcp_listen_with_backlog</name>
         <load_address>0x60fc</load_address>
         <run_address>0x60fc</run_address>
         <size>0x9c</size>
         <input_file_ref idref="fl-9"/>
      </object_component>
      <object_component id="oc-9fe">
         <name>.text</name>
         <load_address>0x6198</load_address>
         <run_address>0x6198</run_address>
         <size>0x96</size>
         <input_file_ref idref="fl-ed"/>
      </object_component>
      <object_component id="oc-80c">
         <name>.text:pbuf_copy</name>
         <load_address>0x622e</load_address>
         <run_address>0x622e</run_address>
         <size>0x92</size>
         <input_file_ref idref="fl-9"/>
      </object_component>
      <object_component id="oc-96a">
         <name>.text:tcp_abandon</name>
         <load_address>0x62c0</load_address>
         <run_address>0x62c0</run_address>
         <size>0x90</size>
         <input_file_ref idref="fl-9"/>
      </object_component>
      <object_component id="oc-524">
         <name>.text:tcp_rst</name>
         <load_address>0x6350</load_address>
         <run_address>0x6350</run_address>
         <size>0x90</size>
         <input_file_ref idref="fl-9"/>
      </object_component>
      <object_component id="oc-91a">
         <name>.text:__aeabi_cdcmple</name>
         <load_address>0x63e0</load_address>
         <run_address>0x63e0</run_address>
         <size>0x86</size>
         <input_file_ref idref="fl-ea"/>
      </object_component>
      <object_component id="oc-a05">
         <name>.text:__aeabi_cdrcmple</name>
         <load_address>0x6466</load_address>
         <run_address>0x6466</run_address>
         <size>0x86</size>
         <input_file_ref idref="fl-ea"/>
      </object_component>
      <object_component id="oc-a9d">
         <name>.text:fs_open</name>
         <load_address>0x64ec</load_address>
         <run_address>0x64ec</run_address>
         <size>0x84</size>
         <input_file_ref idref="fl-4"/>
      </object_component>
      <object_component id="oc-7ea">
         <name>.text:tcp_timewait_input</name>
         <load_address>0x6570</load_address>
         <run_address>0x6570</run_address>
         <size>0x84</size>
         <input_file_ref idref="fl-9"/>
      </object_component>
      <object_component id="oc-20b">
         <name>.text:Funktion_ADC</name>
         <load_address>0x65f4</load_address>
         <run_address>0x65f4</run_address>
         <size>0x80</size>
         <input_file_ref idref="fl-2"/>
      </object_component>
      <object_component id="oc-42">
         <name>.text:lwIPEthernetIntHandler</name>
         <load_address>0x6674</load_address>
         <run_address>0x6674</run_address>
         <size>0x80</size>
         <input_file_ref idref="fl-9"/>
      </object_component>
      <object_component id="oc-3cf">
         <name>.text:lwIPPrivateInit</name>
         <load_address>0x66f4</load_address>
         <run_address>0x66f4</run_address>
         <size>0x80</size>
         <input_file_ref idref="fl-9"/>
      </object_component>
      <object_component id="oc-95e">
         <name>.text:tcp_parseopt</name>
         <load_address>0x6774</load_address>
         <run_address>0x6774</run_address>
         <size>0x80</size>
         <input_file_ref idref="fl-9"/>
      </object_component>
      <object_component id="oc-5ae">
         <name>.text:tcp_bind</name>
         <load_address>0x67f4</load_address>
         <run_address>0x67f4</run_address>
         <size>0x7c</size>
         <input_file_ref idref="fl-9"/>
      </object_component>
      <object_component id="oc-a7c">
         <name>.text:tcp_oos_insert_segment</name>
         <load_address>0x6870</load_address>
         <run_address>0x6870</run_address>
         <size>0x7c</size>
         <input_file_ref idref="fl-9"/>
      </object_component>
      <object_component id="oc-10f">
         <name>.text:tivaif_process_phy_interrupt</name>
         <load_address>0x68ec</load_address>
         <run_address>0x68ec</run_address>
         <size>0x7c</size>
         <input_file_ref idref="fl-9"/>
      </object_component>
      <object_component id="oc-405">
         <name>.text:ADCSequenceStepConfigure</name>
         <load_address>0x6968</load_address>
         <run_address>0x6968</run_address>
         <size>0x7a</size>
         <input_file_ref idref="fl-2"/>
      </object_component>
      <object_component id="oc-d9">
         <name>.text</name>
         <load_address>0x69e2</load_address>
         <run_address>0x69e2</run_address>
         <size>0x7a</size>
         <input_file_ref idref="fl-c7"/>
      </object_component>
      <object_component id="oc-aaf">
         <name>.text:http_init_file</name>
         <load_address>0x6a5c</load_address>
         <run_address>0x6a5c</run_address>
         <size>0x79</size>
         <input_file_ref idref="fl-7"/>
      </object_component>
      <object_component id="oc-3c9">
         <name>.text:EMACInit</name>
         <load_address>0x6ad8</load_address>
         <run_address>0x6ad8</run_address>
         <size>0x78</size>
         <input_file_ref idref="fl-ef"/>
      </object_component>
      <object_component id="oc-656">
         <name>.text:etharp_update_arp_entry</name>
         <load_address>0x6b50</load_address>
         <run_address>0x6b50</run_address>
         <size>0x74</size>
         <input_file_ref idref="fl-9"/>
      </object_component>
      <object_component id="oc-676">
         <name>.text:raw_input</name>
         <load_address>0x6bc4</load_address>
         <run_address>0x6bc4</run_address>
         <size>0x74</size>
         <input_file_ref idref="fl-9"/>
      </object_component>
      <object_component id="oc-a97">
         <name>.text:extract_uri_parameters</name>
         <load_address>0x6c38</load_address>
         <run_address>0x6c38</run_address>
         <size>0x72</size>
         <input_file_ref idref="fl-7"/>
      </object_component>
      <object_component id="oc-4af">
         <name>.text:mem_free</name>
         <load_address>0x6cac</load_address>
         <run_address>0x6cac</run_address>
         <size>0x70</size>
         <input_file_ref idref="fl-9"/>
      </object_component>
      <object_component id="oc-35c">
         <name>.text:tcp_fasttmr</name>
         <load_address>0x6d1c</load_address>
         <run_address>0x6d1c</run_address>
         <size>0x70</size>
         <input_file_ref idref="fl-9"/>
      </object_component>
      <object_component id="oc-a25">
         <name>.text:_mcpy</name>
         <load_address>0x6d8c</load_address>
         <run_address>0x6d8c</run_address>
         <size>0x6e</size>
         <input_file_ref idref="fl-e0"/>
      </object_component>
      <object_component id="oc-27a">
         <name>.text</name>
         <load_address>0x6dfa</load_address>
         <run_address>0x6dfa</run_address>
         <size>0x6e</size>
         <input_file_ref idref="fl-ca"/>
      </object_component>
      <object_component id="oc-7db">
         <name>.text:icmp_send_response</name>
         <load_address>0x6e68</load_address>
         <run_address>0x6e68</run_address>
         <size>0x6c</size>
         <input_file_ref idref="fl-9"/>
      </object_component>
      <object_component id="oc-6f2">
         <name>.text:memp_init</name>
         <load_address>0x6ed4</load_address>
         <run_address>0x6ed4</run_address>
         <size>0x6c</size>
         <input_file_ref idref="fl-9"/>
      </object_component>
      <object_component id="oc-297">
         <name>.text:IntDisable</name>
         <load_address>0x6f40</load_address>
         <run_address>0x6f40</run_address>
         <size>0x68</size>
         <input_file_ref idref="fl-f2"/>
      </object_component>
      <object_component id="oc-229">
         <name>.text:IntEnable</name>
         <load_address>0x6fa8</load_address>
         <run_address>0x6fa8</run_address>
         <size>0x68</size>
         <input_file_ref idref="fl-f2"/>
      </object_component>
      <object_component id="oc-12">
         <name>.text:decompress:lzss:__TI_decompress_lzss</name>
         <load_address>0x7010</load_address>
         <run_address>0x7010</run_address>
         <size>0x68</size>
         <input_file_ref idref="fl-d0"/>
      </object_component>
      <object_component id="oc-762">
         <name>.text:http_recv</name>
         <load_address>0x7078</load_address>
         <run_address>0x7078</run_address>
         <size>0x68</size>
         <input_file_ref idref="fl-7"/>
      </object_component>
      <object_component id="oc-7cb">
         <name>.text:lwip_standard_chksum</name>
         <load_address>0x70e0</load_address>
         <run_address>0x70e0</run_address>
         <size>0x68</size>
         <input_file_ref idref="fl-9"/>
      </object_component>
      <object_component id="oc-846">
         <name>.text:sys_timeout</name>
         <load_address>0x7148</load_address>
         <run_address>0x7148</run_address>
         <size>0x68</size>
         <input_file_ref idref="fl-9"/>
      </object_component>
      <object_component id="oc-6bd">
         <name>.text:tcp_output_alloc_header</name>
         <load_address>0x71b0</load_address>
         <run_address>0x71b0</run_address>
         <size>0x68</size>
         <input_file_ref idref="fl-9"/>
      </object_component>
      <object_component id="oc-4fd">
         <name>.text:tcp_process_refused_data</name>
         <load_address>0x7218</load_address>
         <run_address>0x7218</run_address>
         <size>0x68</size>
         <input_file_ref idref="fl-9"/>
      </object_component>
      <object_component id="oc-6c3">
         <name>.text:pbuf_copy_partial</name>
         <load_address>0x7280</load_address>
         <run_address>0x7280</run_address>
         <size>0x66</size>
         <input_file_ref idref="fl-9"/>
      </object_component>
      <object_component id="oc-a3a">
         <name>.text:frexp</name>
         <load_address>0x72e8</load_address>
         <run_address>0x72e8</run_address>
         <size>0x64</size>
         <input_file_ref idref="fl-e5"/>
      </object_component>
      <object_component id="oc-4c9">
         <name>.text:pbuf_header</name>
         <load_address>0x734c</load_address>
         <run_address>0x734c</run_address>
         <size>0x64</size>
         <input_file_ref idref="fl-9"/>
      </object_component>
      <object_component id="oc-1cf">
         <name>.text:UARTStdioConfig</name>
         <load_address>0x73b0</load_address>
         <run_address>0x73b0</run_address>
         <size>0x60</size>
         <input_file_ref idref="fl-a"/>
      </object_component>
      <object_component id="oc-649">
         <name>.text:plug_holes</name>
         <load_address>0x7410</load_address>
         <run_address>0x7410</run_address>
         <size>0x60</size>
         <input_file_ref idref="fl-9"/>
      </object_component>
      <object_component id="oc-6ec">
         <name>.text:mem_init</name>
         <load_address>0x7470</load_address>
         <run_address>0x7470</run_address>
         <size>0x5c</size>
         <input_file_ref idref="fl-9"/>
      </object_component>
      <object_component id="oc-859">
         <name>.text:netif_set_ipaddr</name>
         <load_address>0x74cc</load_address>
         <run_address>0x74cc</run_address>
         <size>0x5c</size>
         <input_file_ref idref="fl-9"/>
      </object_component>
      <object_component id="oc-512">
         <name>.text:tcp_keepalive</name>
         <load_address>0x7528</load_address>
         <run_address>0x7528</run_address>
         <size>0x5c</size>
         <input_file_ref idref="fl-9"/>
      </object_component>
      <object_component id="oc-7fc">
         <name>.text:tcp_pcb_remove</name>
         <load_address>0x7584</load_address>
         <run_address>0x7584</run_address>
         <size>0x5c</size>
         <input_file_ref idref="fl-9"/>
      </object_component>
      <object_component id="oc-6a1">
         <name>.text:tcp_send_empty_ack</name>
         <load_address>0x75e0</load_address>
         <run_address>0x75e0</run_address>
         <size>0x5c</size>
         <input_file_ref idref="fl-9"/>
      </object_component>
      <object_component id="oc-66a">
         <name>.text:pbuf_realloc</name>
         <load_address>0x763c</load_address>
         <run_address>0x763c</run_address>
         <size>0x5a</size>
         <input_file_ref idref="fl-9"/>
      </object_component>
      <object_component id="oc-3c3">
         <name>.text:EMACPHYConfigSet</name>
         <load_address>0x7698</load_address>
         <run_address>0x7698</run_address>
         <size>0x58</size>
         <input_file_ref idref="fl-ef"/>
      </object_component>
      <object_component id="oc-5c6">
         <name>.text:http_accept</name>
         <load_address>0x76f0</load_address>
         <run_address>0x76f0</run_address>
         <size>0x58</size>
         <input_file_ref idref="fl-7"/>
      </object_component>
      <object_component id="oc-4d9">
         <name>.text:memp_malloc</name>
         <load_address>0x7748</load_address>
         <run_address>0x7748</run_address>
         <size>0x58</size>
         <input_file_ref idref="fl-9"/>
      </object_component>
      <object_component id="oc-925">
         <name>.text:_pconv_f</name>
         <load_address>0x77a0</load_address>
         <run_address>0x77a0</run_address>
         <size>0x56</size>
         <input_file_ref idref="fl-e0"/>
      </object_component>
      <object_component id="oc-978">
         <name>.text:tcp_rexmit</name>
         <load_address>0x77f6</load_address>
         <run_address>0x77f6</run_address>
         <size>0x56</size>
         <input_file_ref idref="fl-9"/>
      </object_component>
      <object_component id="oc-a0f">
         <name>.text:ltoa</name>
         <load_address>0x784c</load_address>
         <run_address>0x784c</run_address>
         <size>0x54</size>
         <input_file_ref idref="fl-e3"/>
      </object_component>
      <object_component id="oc-728">
         <name>.text:tcp_new_port</name>
         <load_address>0x78a0</load_address>
         <run_address>0x78a0</run_address>
         <size>0x54</size>
         <input_file_ref idref="fl-9"/>
      </object_component>
      <object_component id="oc-a1f">
         <name>.text:_ecpy</name>
         <load_address>0x78f4</load_address>
         <run_address>0x78f4</run_address>
         <size>0x52</size>
         <input_file_ref idref="fl-e0"/>
      </object_component>
      <object_component id="oc-b26">
         <name>.text:tcp_pbuf_prealloc</name>
         <load_address>0x7946</load_address>
         <run_address>0x7946</run_address>
         <size>0x52</size>
         <input_file_ref idref="fl-9"/>
      </object_component>
      <object_component id="oc-115">
         <name>.text:tivaif_process_transmit</name>
         <load_address>0x7998</load_address>
         <run_address>0x7998</run_address>
         <size>0x52</size>
         <input_file_ref idref="fl-9"/>
      </object_component>
      <object_component id="oc-565">
         <name>.text:SysCtlPeripheralReset</name>
         <load_address>0x79ec</load_address>
         <run_address>0x79ec</run_address>
         <size>0x50</size>
         <input_file_ref idref="fl-f4"/>
      </object_component>
      <object_component id="oc-411">
         <name>.text:_ADCIntNumberGet</name>
         <load_address>0x7a3c</load_address>
         <run_address>0x7a3c</run_address>
         <size>0x50</size>
         <input_file_ref idref="fl-2"/>
      </object_component>
      <object_component id="oc-8f6">
         <name>.text:http_close_conn</name>
         <load_address>0x7a8c</load_address>
         <run_address>0x7a8c</run_address>
         <size>0x50</size>
         <input_file_ref idref="fl-7"/>
      </object_component>
      <object_component id="oc-ab">
         <name>.text:lwIPServiceTimers</name>
         <load_address>0x7adc</load_address>
         <run_address>0x7adc</run_address>
         <size>0x50</size>
         <input_file_ref idref="fl-9"/>
      </object_component>
      <object_component id="oc-b20">
         <name>.text:tcp_write_checks</name>
         <load_address>0x7b2c</load_address>
         <run_address>0x7b2c</run_address>
         <size>0x50</size>
         <input_file_ref idref="fl-9"/>
      </object_component>
      <object_component id="oc-3ff">
         <name>.text:ADCSequenceConfigure</name>
         <load_address>0x7b7c</load_address>
         <run_address>0x7b7c</run_address>
         <size>0x4e</size>
         <input_file_ref idref="fl-2"/>
      </object_component>
      <object_component id="oc-806">
         <name>.text:inet_chksum_pbuf</name>
         <load_address>0x7bca</load_address>
         <run_address>0x7bca</run_address>
         <size>0x4e</size>
         <input_file_ref idref="fl-9"/>
      </object_component>
      <object_component id="oc-32a">
         <name>.text:pbuf_free</name>
         <load_address>0x7c18</load_address>
         <run_address>0x7c18</run_address>
         <size>0x4e</size>
         <input_file_ref idref="fl-9"/>
      </object_component>
      <object_component id="oc-90e">
         <name>.text:atoi</name>
         <load_address>0x7c68</load_address>
         <run_address>0x7c68</run_address>
         <size>0x4c</size>
         <input_file_ref idref="fl-e1"/>
      </object_component>
      <object_component id="oc-820">
         <name>.text:ip_route</name>
         <load_address>0x7cb4</load_address>
         <run_address>0x7cb4</run_address>
         <size>0x4c</size>
         <input_file_ref idref="fl-9"/>
      </object_component>
      <object_component id="oc-589">
         <name>.text:netif_add</name>
         <load_address>0x7d00</load_address>
         <run_address>0x7d00</run_address>
         <size>0x4c</size>
         <input_file_ref idref="fl-9"/>
      </object_component>
      <object_component id="oc-60e">
         <name>.text:snprintf</name>
         <load_address>0x7d4c</load_address>
         <run_address>0x7d4c</run_address>
         <size>0x4c</size>
         <input_file_ref idref="fl-d6"/>
      </object_component>
      <object_component id="oc-9c5">
         <name>.text:strnstr</name>
         <load_address>0x7d98</load_address>
         <run_address>0x7d98</run_address>
         <size>0x4c</size>
         <input_file_ref idref="fl-7"/>
      </object_component>
      <object_component id="oc-a5">
         <name>.text:tivaif_interrupt</name>
         <load_address>0x7de4</load_address>
         <run_address>0x7de4</run_address>
         <size>0x4c</size>
         <input_file_ref idref="fl-9"/>
      </object_component>
      <object_component id="oc-aa3">
         <name>.text:http_get_404_file</name>
         <load_address>0x7e30</load_address>
         <run_address>0x7e30</run_address>
         <size>0x4b</size>
         <input_file_ref idref="fl-7"/>
      </object_component>
      <object_component id="oc-23b">
         <name>.text:GPIOPinConfigure</name>
         <load_address>0x7e7c</load_address>
         <run_address>0x7e7c</run_address>
         <size>0x48</size>
         <input_file_ref idref="fl-f1"/>
      </object_component>
      <object_component id="oc-555">
         <name>.text:UARTwrite</name>
         <load_address>0x7ec4</load_address>
         <run_address>0x7ec4</run_address>
         <size>0x48</size>
         <input_file_ref idref="fl-a"/>
      </object_component>
      <object_component id="oc-385">
         <name>.text:_SysCtlFrequencyGet</name>
         <load_address>0x7f0c</load_address>
         <run_address>0x7f0c</run_address>
         <size>0x48</size>
         <input_file_ref idref="fl-f4"/>
      </object_component>
      <object_component id="oc-8a5">
         <name>.text:etharp_output_to_arp_index</name>
         <load_address>0x7f54</load_address>
         <run_address>0x7f54</run_address>
         <size>0x48</size>
         <input_file_ref idref="fl-9"/>
      </object_component>
      <object_component id="oc-9d8">
         <name>.text:http_write</name>
         <load_address>0x7f9c</load_address>
         <run_address>0x7f9c</run_address>
         <size>0x48</size>
         <input_file_ref idref="fl-7"/>
      </object_component>
      <object_component id="oc-6cf">
         <name>.text:ip_output</name>
         <load_address>0x7fe4</load_address>
         <run_address>0x7fe4</run_address>
         <size>0x48</size>
         <input_file_ref idref="fl-9"/>
      </object_component>
      <object_component id="oc-a0a">
         <name>.text</name>
         <load_address>0x802c</load_address>
         <run_address>0x802c</run_address>
         <size>0x48</size>
         <input_file_ref idref="fl-eb"/>
      </object_component>
      <object_component id="oc-8d1">
         <name>.text:tcp_kill_prio</name>
         <load_address>0x8074</load_address>
         <run_address>0x8074</run_address>
         <size>0x48</size>
         <input_file_ref idref="fl-9"/>
      </object_component>
      <object_component id="oc-a70">
         <name>.text:tcp_rexmit_fast</name>
         <load_address>0x80bc</load_address>
         <run_address>0x80bc</run_address>
         <size>0x48</size>
         <input_file_ref idref="fl-9"/>
      </object_component>
      <object_component id="oc-8b8">
         <name>.text:tivaif_check_pbuf</name>
         <load_address>0x8104</load_address>
         <run_address>0x8104</run_address>
         <size>0x48</size>
         <input_file_ref idref="fl-9"/>
      </object_component>
      <object_component id="oc-a84">
         <name>.text:tcp_send_fin</name>
         <load_address>0x814c</load_address>
         <run_address>0x814c</run_address>
         <size>0x46</size>
         <input_file_ref idref="fl-9"/>
      </object_component>
      <object_component id="oc-2c8">
         <name>.text:__TI_auto_init_nobinit_nopinit:__TI_auto_init_nobinit_nopinit</name>
         <load_address>0x8194</load_address>
         <run_address>0x8194</run_address>
         <size>0x44</size>
         <input_file_ref idref="fl-dd"/>
      </object_component>
      <object_component id="oc-51e">
         <name>.text:tcp_pcb_purge</name>
         <load_address>0x81d8</load_address>
         <run_address>0x81d8</run_address>
         <size>0x42</size>
         <input_file_ref idref="fl-9"/>
      </object_component>
      <object_component id="oc-127">
         <name>.text:etharp_tmr</name>
         <load_address>0x821c</load_address>
         <run_address>0x821c</run_address>
         <size>0x40</size>
         <input_file_ref idref="fl-9"/>
      </object_component>
      <object_component id="oc-55b">
         <name>.text</name>
         <load_address>0x825c</load_address>
         <run_address>0x825c</run_address>
         <size>0x40</size>
         <input_file_ref idref="fl-c6"/>
      </object_component>
      <object_component id="oc-a32">
         <name>.text:_fcpy</name>
         <load_address>0x829c</load_address>
         <run_address>0x829c</run_address>
         <size>0x3e</size>
         <input_file_ref idref="fl-e0"/>
      </object_component>
      <object_component id="oc-896">
         <name>.text:EMACIntEnable</name>
         <load_address>0x82da</load_address>
         <run_address>0x82da</run_address>
         <size>0x3a</size>
         <input_file_ref idref="fl-ef"/>
      </object_component>
      <object_component id="oc-9e4">
         <name>.text:fs_read</name>
         <load_address>0x8314</load_address>
         <run_address>0x8314</run_address>
         <size>0x3a</size>
         <input_file_ref idref="fl-4"/>
      </object_component>
      <object_component id="oc-34a">
         <name>.text:DisplayIPAddress</name>
         <load_address>0x8350</load_address>
         <run_address>0x8350</run_address>
         <size>0x38</size>
         <input_file_ref idref="fl-2"/>
      </object_component>
      <object_component id="oc-323">
         <name>.text:EMACConfigSet</name>
         <load_address>0x8388</load_address>
         <run_address>0x8388</run_address>
         <size>0x38</size>
         <input_file_ref idref="fl-ef"/>
      </object_component>
      <object_component id="oc-56b">
         <name>.text:SysCtlPeripheralReady</name>
         <load_address>0x83c0</load_address>
         <run_address>0x83c0</run_address>
         <size>0x38</size>
         <input_file_ref idref="fl-f4"/>
      </object_component>
      <object_component id="oc-74">
         <name>.text:_c_int00_noargs:_c_int00_noargs</name>
         <load_address>0x83f8</load_address>
         <run_address>0x83f8</run_address>
         <size>0x38</size>
         <input_file_ref idref="fl-d1"/>
      </object_component>
      <object_component id="oc-3d6">
         <name>.text:httpd_init_addr</name>
         <load_address>0x8430</load_address>
         <run_address>0x8430</run_address>
         <size>0x38</size>
         <input_file_ref idref="fl-7"/>
      </object_component>
      <object_component id="oc-4b5">
         <name>.text:memp_free</name>
         <load_address>0x8468</load_address>
         <run_address>0x8468</run_address>
         <size>0x38</size>
         <input_file_ref idref="fl-9"/>
      </object_component>
      <object_component id="oc-609">
         <name>.text</name>
         <load_address>0x84a0</load_address>
         <run_address>0x84a0</run_address>
         <size>0x38</size>
         <input_file_ref idref="fl-cb"/>
      </object_component>
      <object_component id="oc-8db">
         <name>.text:tcpip_tcp_timer</name>
         <load_address>0x84d8</load_address>
         <run_address>0x84d8</run_address>
         <size>0x38</size>
         <input_file_ref idref="fl-9"/>
      </object_component>
      <object_component id="oc-b06">
         <name>.text:ustrncmp</name>
         <load_address>0x8510</load_address>
         <run_address>0x8510</run_address>
         <size>0x36</size>
         <input_file_ref idref="fl-b"/>
      </object_component>
      <object_component id="oc-31d">
         <name>.text:EMACConfigGet</name>
         <load_address>0x8548</load_address>
         <run_address>0x8548</run_address>
         <size>0x34</size>
         <input_file_ref idref="fl-ef"/>
      </object_component>
      <object_component id="oc-884">
         <name>.text:EMACIntClear</name>
         <load_address>0x857c</load_address>
         <run_address>0x857c</run_address>
         <size>0x34</size>
         <input_file_ref idref="fl-ef"/>
      </object_component>
      <object_component id="oc-21d">
         <name>.text:IntRegister</name>
         <load_address>0x85b0</load_address>
         <run_address>0x85b0</run_address>
         <size>0x34</size>
         <input_file_ref idref="fl-f2"/>
      </object_component>
      <object_component id="oc-235">
         <name>.text:SysCtlPeripheralEnable</name>
         <load_address>0x85e4</load_address>
         <run_address>0x85e4</run_address>
         <size>0x34</size>
         <input_file_ref idref="fl-f4"/>
      </object_component>
      <object_component id="oc-774">
         <name>.text:http_poll</name>
         <load_address>0x8618</load_address>
         <run_address>0x8618</run_address>
         <size>0x34</size>
         <input_file_ref idref="fl-7"/>
      </object_component>
      <object_component id="oc-aa9">
         <name>.text:strstr</name>
         <load_address>0x864c</load_address>
         <run_address>0x864c</run_address>
         <size>0x34</size>
         <input_file_ref idref="fl-db"/>
      </object_component>
      <object_component id="oc-8cb">
         <name>.text:tcp_kill_timewait</name>
         <load_address>0x8680</load_address>
         <run_address>0x8680</run_address>
         <size>0x34</size>
         <input_file_ref idref="fl-9"/>
      </object_component>
      <object_component id="oc-72e">
         <name>.text:tcp_timer_needed</name>
         <load_address>0x86b4</load_address>
         <run_address>0x86b4</run_address>
         <size>0x34</size>
         <input_file_ref idref="fl-9"/>
      </object_component>
      <object_component id="oc-59b">
         <name>.text:tivaif_init</name>
         <load_address>0x86e8</load_address>
         <run_address>0x86e8</run_address>
         <size>0x34</size>
         <input_file_ref idref="fl-9"/>
      </object_component>
      <object_component id="oc-670">
         <name>.text:ip4_addr_isbroadcast</name>
         <load_address>0x871c</load_address>
         <run_address>0x871c</run_address>
         <size>0x32</size>
         <input_file_ref idref="fl-9"/>
      </object_component>
      <object_component id="oc-82e">
         <name>.text:tcp_recved</name>
         <load_address>0x874e</load_address>
         <run_address>0x874e</run_address>
         <size>0x32</size>
         <input_file_ref idref="fl-9"/>
      </object_component>
      <object_component id="oc-78c">
         <name>.text:_outs</name>
         <load_address>0x8780</load_address>
         <run_address>0x8780</run_address>
         <size>0x30</size>
         <input_file_ref idref="fl-d6"/>
      </object_component>
      <object_component id="oc-98f">
         <name>.text:tcp_update_rcv_ann_wnd</name>
         <load_address>0x87b0</load_address>
         <run_address>0x87b0</run_address>
         <size>0x30</size>
         <input_file_ref idref="fl-9"/>
      </object_component>
      <object_component id="oc-a15">
         <name>.text</name>
         <load_address>0x87e0</load_address>
         <run_address>0x87e0</run_address>
         <size>0x2e</size>
         <input_file_ref idref="fl-ec"/>
      </object_component>
      <object_component id="oc-506">
         <name>.text:tcp_rexmit_rto</name>
         <load_address>0x880e</load_address>
         <run_address>0x880e</run_address>
         <size>0x2e</size>
         <input_file_ref idref="fl-9"/>
      </object_component>
      <object_component id="oc-93">
         <name>.text:EMACIntStatus</name>
         <load_address>0x883c</load_address>
         <run_address>0x883c</run_address>
         <size>0x2c</size>
         <input_file_ref idref="fl-ef"/>
      </object_component>
      <object_component id="oc-49a">
         <name>.text:etharp_request</name>
         <load_address>0x8868</load_address>
         <run_address>0x8868</run_address>
         <size>0x2c</size>
         <input_file_ref idref="fl-9"/>
      </object_component>
      <object_component id="oc-9cb">
         <name>.text:strncmp</name>
         <load_address>0x8894</load_address>
         <run_address>0x8894</run_address>
         <size>0x2c</size>
         <input_file_ref idref="fl-da"/>
      </object_component>
      <object_component id="oc-433">
         <name>.text:GPIODirModeSet</name>
         <load_address>0x88c0</load_address>
         <run_address>0x88c0</run_address>
         <size>0x2a</size>
         <input_file_ref idref="fl-f1"/>
      </object_component>
      <object_component id="oc-331">
         <name>.text:pbuf_cat</name>
         <load_address>0x88ea</load_address>
         <run_address>0x88ea</run_address>
         <size>0x2a</size>
         <input_file_ref idref="fl-9"/>
      </object_component>
      <object_component id="oc-77c">
         <name>.text:ustrncpy</name>
         <load_address>0x8914</load_address>
         <run_address>0x8914</run_address>
         <size>0x2a</size>
         <input_file_ref idref="fl-b"/>
      </object_component>
      <object_component id="oc-2a7">
         <name>.text:ADC0IntHandler</name>
         <load_address>0x8940</load_address>
         <run_address>0x8940</run_address>
         <size>0x28</size>
         <input_file_ref idref="fl-2"/>
      </object_component>
      <object_component id="oc-44f">
         <name>.text:post_to_server2</name>
         <load_address>0x8968</load_address>
         <run_address>0x8968</run_address>
         <size>0x28</size>
         <input_file_ref idref="fl-3"/>
      </object_component>
      <object_component id="oc-30b">
         <name>.text:EMACPHYRead</name>
         <load_address>0x8990</load_address>
         <run_address>0x8990</run_address>
         <size>0x26</size>
         <input_file_ref idref="fl-ef"/>
      </object_component>
      <object_component id="oc-878">
         <name>.text:EMACPHYWrite</name>
         <load_address>0x89b6</load_address>
         <run_address>0x89b6</run_address>
         <size>0x26</size>
         <input_file_ref idref="fl-ef"/>
      </object_component>
      <object_component id="oc-8fd">
         <name>.text:http_state_free</name>
         <load_address>0x89dc</load_address>
         <run_address>0x89dc</run_address>
         <size>0x26</size>
         <input_file_ref idref="fl-7"/>
      </object_component>
      <object_component id="oc-6b5">
         <name>.text:tcp_recv_null</name>
         <load_address>0x8a02</load_address>
         <run_address>0x8a02</run_address>
         <size>0x26</size>
         <input_file_ref idref="fl-9"/>
      </object_component>
      <object_component id="oc-211">
         <name>.text:IntPrioritySet</name>
         <load_address>0x8a28</load_address>
         <run_address>0x8a28</run_address>
         <size>0x24</size>
         <input_file_ref idref="fl-f2"/>
      </object_component>
      <object_component id="oc-352">
         <name>.text:etharp_free_entry</name>
         <load_address>0x8a4c</load_address>
         <run_address>0x8a4c</run_address>
         <size>0x24</size>
         <input_file_ref idref="fl-9"/>
      </object_component>
      <object_component id="oc-4bd">
         <name>.text:memcmp</name>
         <load_address>0x8a70</load_address>
         <run_address>0x8a70</run_address>
         <size>0x24</size>
         <input_file_ref idref="fl-d5"/>
      </object_component>
      <object_component id="oc-317">
         <name>.text:netif_set_link_up</name>
         <load_address>0x8a94</load_address>
         <run_address>0x8a94</run_address>
         <size>0x24</size>
         <input_file_ref idref="fl-9"/>
      </object_component>
      <object_component id="oc-595">
         <name>.text:netif_set_up</name>
         <load_address>0x8ab8</load_address>
         <run_address>0x8ab8</run_address>
         <size>0x24</size>
         <input_file_ref idref="fl-9"/>
      </object_component>
      <object_component id="oc-a76">
         <name>.text:tcp_seg_copy</name>
         <load_address>0x8adc</load_address>
         <run_address>0x8adc</run_address>
         <size>0x24</size>
         <input_file_ref idref="fl-9"/>
      </object_component>
      <object_component id="oc-247">
         <name>.text:PWMGenConfigure</name>
         <load_address>0x8b00</load_address>
         <run_address>0x8b00</run_address>
         <size>0x22</size>
         <input_file_ref idref="fl-2"/>
      </object_component>
      <object_component id="oc-744">
         <name>.text:http_state_alloc</name>
         <load_address>0x8b22</load_address>
         <run_address>0x8b22</run_address>
         <size>0x22</size>
         <input_file_ref idref="fl-7"/>
      </object_component>
      <object_component id="oc-37f">
         <name>.text:_SysCtlMemTimingGet</name>
         <load_address>0x8b44</load_address>
         <run_address>0x8b44</run_address>
         <size>0x20</size>
         <input_file_ref idref="fl-f4"/>
      </object_component>
      <object_component id="oc-7c3">
         <name>.text:etharp_send_ip</name>
         <load_address>0x8b64</load_address>
         <run_address>0x8b64</run_address>
         <size>0x20</size>
         <input_file_ref idref="fl-9"/>
      </object_component>
      <object_component id="oc-8c">
         <name>.text:lwIPTimer</name>
         <load_address>0x8b84</load_address>
         <run_address>0x8b84</run_address>
         <size>0x20</size>
         <input_file_ref idref="fl-9"/>
      </object_component>
      <object_component id="oc-26b">
         <name>.text</name>
         <load_address>0x8ba4</load_address>
         <run_address>0x8ba4</run_address>
         <size>0x20</size>
         <input_file_ref idref="fl-cd"/>
      </object_component>
      <object_component id="oc-6f8">
         <name>.text:sys_timeouts_init</name>
         <load_address>0x8bc4</load_address>
         <run_address>0x8bc4</run_address>
         <size>0x20</size>
         <input_file_ref idref="fl-9"/>
      </object_component>
      <object_component id="oc-81a">
         <name>.text:tcp_eff_send_mss</name>
         <load_address>0x8be4</load_address>
         <run_address>0x8be4</run_address>
         <size>0x20</size>
         <input_file_ref idref="fl-9"/>
      </object_component>
      <object_component id="oc-12d">
         <name>.text:tcp_tmr</name>
         <load_address>0x8c04</load_address>
         <run_address>0x8c04</run_address>
         <size>0x20</size>
         <input_file_ref idref="fl-9"/>
      </object_component>
      <object_component id="oc-4ed">
         <name>.text:usprintf</name>
         <load_address>0x8c24</load_address>
         <run_address>0x8c24</run_address>
         <size>0x20</size>
         <input_file_ref idref="fl-b"/>
      </object_component>
      <object_component id="oc-46f">
         <name>.text:ADCSequenceDataGet</name>
         <load_address>0x8c44</load_address>
         <run_address>0x8c44</run_address>
         <size>0x1e</size>
         <input_file_ref idref="fl-2"/>
      </object_component>
      <object_component id="oc-86c">
         <name>.text:EMACAddrGet</name>
         <load_address>0x8c62</load_address>
         <run_address>0x8c62</run_address>
         <size>0x1e</size>
         <input_file_ref idref="fl-ef"/>
      </object_component>
      <object_component id="oc-285">
         <name>.text:PWMPulseWidthSet</name>
         <load_address>0x8c80</load_address>
         <run_address>0x8c80</run_address>
         <size>0x1e</size>
         <input_file_ref idref="fl-2"/>
      </object_component>
      <object_component id="oc-1ff">
         <name>.text:http_set_ssi_handler</name>
         <load_address>0x8ca0</load_address>
         <run_address>0x8ca0</run_address>
         <size>0x1c</size>
         <input_file_ref idref="fl-7"/>
      </object_component>
      <object_component id="oc-937">
         <name>.text:memccpy</name>
         <load_address>0x8cbc</load_address>
         <run_address>0x8cbc</run_address>
         <size>0x1c</size>
         <input_file_ref idref="fl-e4"/>
      </object_component>
      <object_component id="oc-700">
         <name>.text:netif_set_addr</name>
         <load_address>0x8cd8</load_address>
         <run_address>0x8cd8</run_address>
         <size>0x1c</size>
         <input_file_ref idref="fl-9"/>
      </object_component>
      <object_component id="oc-1d5">
         <name>.text:UARTprintf</name>
         <load_address>0x8cf4</load_address>
         <run_address>0x8cf4</run_address>
         <size>0x1a</size>
         <input_file_ref idref="fl-a"/>
      </object_component>
      <object_component id="oc-583">
         <name>.text:lwip_htonl</name>
         <load_address>0x8d0e</load_address>
         <run_address>0x8d0e</run_address>
         <size>0x1a</size>
         <input_file_ref idref="fl-9"/>
      </object_component>
      <object_component id="oc-449">
         <name>.text:usnprintf</name>
         <load_address>0x8d28</load_address>
         <run_address>0x8d28</run_address>
         <size>0x1a</size>
         <input_file_ref idref="fl-b"/>
      </object_component>
      <object_component id="oc-3ed">
         <name>.text:ADCClockConfigSet</name>
         <load_address>0x8d42</load_address>
         <run_address>0x8d42</run_address>
         <size>0x18</size>
         <input_file_ref idref="fl-2"/>
      </object_component>
      <object_component id="oc-217">
         <name>.text:ADCIntRegister</name>
         <load_address>0x8d5a</load_address>
         <run_address>0x8d5a</run_address>
         <size>0x18</size>
         <input_file_ref idref="fl-2"/>
      </object_component>
      <object_component id="oc-792">
         <name>.text:_outc</name>
         <load_address>0x8d72</load_address>
         <run_address>0x8d72</run_address>
         <size>0x18</size>
         <input_file_ref idref="fl-d6"/>
      </object_component>
      <object_component id="oc-852">
         <name>.text:arp_timer</name>
         <load_address>0x8d8c</load_address>
         <run_address>0x8d8c</run_address>
         <size>0x18</size>
         <input_file_ref idref="fl-9"/>
      </object_component>
      <object_component id="oc-4df">
         <name>.text:pbuf_pool_is_empty</name>
         <load_address>0x8da4</load_address>
         <run_address>0x8da4</run_address>
         <size>0x18</size>
         <input_file_ref idref="fl-9"/>
      </object_component>
      <object_component id="oc-a91">
         <name>.text:strcmp</name>
         <load_address>0x8dbc</load_address>
         <run_address>0x8dbc</run_address>
         <size>0x18</size>
         <input_file_ref idref="fl-d8"/>
      </object_component>
      <object_component id="oc-8d7">
         <name>.text:tcp_next_iss</name>
         <load_address>0x8dd4</load_address>
         <run_address>0x8dd4</run_address>
         <size>0x18</size>
         <input_file_ref idref="fl-9"/>
      </object_component>
      <object_component id="oc-6ad">
         <name>.text:tcp_seg_free</name>
         <load_address>0x8dec</load_address>
         <run_address>0x8dec</run_address>
         <size>0x18</size>
         <input_file_ref idref="fl-9"/>
      </object_component>
      <object_component id="oc-572">
         <name>.text:EMACReset</name>
         <load_address>0x8e04</load_address>
         <run_address>0x8e04</run_address>
         <size>0x16</size>
         <input_file_ref idref="fl-ef"/>
      </object_component>
      <object_component id="oc-890">
         <name>.text:EMACRxEnable</name>
         <load_address>0x8e1a</load_address>
         <run_address>0x8e1a</run_address>
         <size>0x16</size>
         <input_file_ref idref="fl-ef"/>
      </object_component>
      <object_component id="oc-88a">
         <name>.text:EMACTxEnable</name>
         <load_address>0x8e30</load_address>
         <run_address>0x8e30</run_address>
         <size>0x16</size>
         <input_file_ref idref="fl-ef"/>
      </object_component>
      <object_component id="oc-76e">
         <name>.text:http_sent</name>
         <load_address>0x8e46</load_address>
         <run_address>0x8e46</run_address>
         <size>0x16</size>
         <input_file_ref idref="fl-7"/>
      </object_component>
      <object_component id="oc-8b2">
         <name>.text:pbuf_ref</name>
         <load_address>0x8e5c</load_address>
         <run_address>0x8e5c</run_address>
         <size>0x16</size>
         <input_file_ref idref="fl-9"/>
      </object_component>
      <object_component id="oc-a46">
         <name>.text:strchr</name>
         <load_address>0x8e72</load_address>
         <run_address>0x8e72</run_address>
         <size>0x16</size>
         <input_file_ref idref="fl-d7"/>
      </object_component>
      <object_component id="oc-1ed">
         <name>.text:FlashUserGet</name>
         <load_address>0x8e88</load_address>
         <run_address>0x8e88</run_address>
         <size>0x14</size>
         <input_file_ref idref="fl-f0"/>
      </object_component>
      <object_component id="oc-1e1">
         <name>.text:SysTickEnable</name>
         <load_address>0x8e9c</load_address>
         <run_address>0x8e9c</run_address>
         <size>0x14</size>
         <input_file_ref idref="fl-f5"/>
      </object_component>
      <object_component id="oc-1e7">
         <name>.text:SysTickIntEnable</name>
         <load_address>0x8eb0</load_address>
         <run_address>0x8eb0</run_address>
         <size>0x14</size>
         <input_file_ref idref="fl-f5"/>
      </object_component>
      <object_component id="oc-ae0">
         <name>.text:copysign</name>
         <load_address>0x8ec4</load_address>
         <run_address>0x8ec4</run_address>
         <size>0x14</size>
         <input_file_ref idref="fl-e7"/>
      </object_component>
      <object_component id="oc-455">
         <name>.text:post_to_server</name>
         <load_address>0x8ed8</load_address>
         <run_address>0x8ed8</run_address>
         <size>0x14</size>
         <input_file_ref idref="fl-3"/>
      </object_component>
      <object_component id="oc-45b">
         <name>.text:strlen</name>
         <load_address>0x8eec</load_address>
         <run_address>0x8eec</run_address>
         <size>0x14</size>
         <input_file_ref idref="fl-d9"/>
      </object_component>
      <object_component id="oc-4a9">
         <name>.text:sys_arch_unprotect</name>
         <load_address>0x8f00</load_address>
         <run_address>0x8f00</run_address>
         <size>0x14</size>
         <input_file_ref idref="fl-9"/>
      </object_component>
      <object_component id="oc-828">
         <name>.text:tcp_close</name>
         <load_address>0x8f14</load_address>
         <run_address>0x8f14</run_address>
         <size>0x14</size>
         <input_file_ref idref="fl-9"/>
      </object_component>
      <object_component id="oc-3e7">
         <name>.text:GPIOPinTypeADC</name>
         <load_address>0x8f28</load_address>
         <run_address>0x8f28</run_address>
         <size>0x12</size>
         <input_file_ref idref="fl-f1"/>
      </object_component>
      <object_component id="oc-39b">
         <name>.text:GPIOPinTypeEthernetLED</name>
         <load_address>0x8f3a</load_address>
         <run_address>0x8f3a</run_address>
         <size>0x12</size>
         <input_file_ref idref="fl-f1"/>
      </object_component>
      <object_component id="oc-241">
         <name>.text:GPIOPinTypePWM</name>
         <load_address>0x8f4c</load_address>
         <run_address>0x8f4c</run_address>
         <size>0x12</size>
         <input_file_ref idref="fl-f1"/>
      </object_component>
      <object_component id="oc-253">
         <name>.text:PWMOutputState</name>
         <load_address>0x8f5e</load_address>
         <run_address>0x8f5e</run_address>
         <size>0x12</size>
         <input_file_ref idref="fl-2"/>
      </object_component>
      <object_component id="oc-311">
         <name>.text:netif_set_link_down</name>
         <load_address>0x8f70</load_address>
         <run_address>0x8f70</run_address>
         <size>0x12</size>
         <input_file_ref idref="fl-9"/>
      </object_component>
      <object_component id="oc-8be">
         <name>.text:pbuf_clen</name>
         <load_address>0x8f82</load_address>
         <run_address>0x8f82</run_address>
         <size>0x12</size>
         <input_file_ref idref="fl-9"/>
      </object_component>
      <object_component id="oc-518">
         <name>.text:tcp_segs_free</name>
         <load_address>0x8f94</load_address>
         <run_address>0x8f94</run_address>
         <size>0x12</size>
         <input_file_ref idref="fl-9"/>
      </object_component>
      <object_component id="oc-93d">
         <name>.text:wcslen</name>
         <load_address>0x8fa6</load_address>
         <run_address>0x8fa6</run_address>
         <size>0x12</size>
         <input_file_ref idref="fl-e8"/>
      </object_component>
      <object_component id="oc-223">
         <name>.text:ADCIntEnable</name>
         <load_address>0x8fb8</load_address>
         <run_address>0x8fb8</run_address>
         <size>0x10</size>
[...]
      <symbol id="sm-ee6">
         <name>g_RxDescList</name>
         <value>0x20018fd0</value>
         <object_component_ref idref="oc-8a0"/>
      </symbol>
      <symbol id="sm-ee7">
         <name>g_TxDescList</name>
         <value>0x20018fe0</value>
         <object_component_ref idref="oc-89d"/>
      </symbol>
      <symbol id="sm-ee8">
         <name>sys_timeout</name>
         <value>0x7149</value>
         <object_component_ref idref="oc-846"/>
      </symbol>
      <symbol id="sm-ee9">
         <name>etharp_tmr</name>
         <value>0x821d</value>
         <object_component_ref idref="oc-127"/>
      </symbol>
      <symbol id="sm-eea">
         <name>tcp_abort</name>
         <value>0x9185</value>
         <object_component_ref idref="oc-7f6"/>
      </symbol>
      <symbol id="sm-eeb">
         <name>mem_trim</name>
         <value>0x5391</value>
         <object_component_ref idref="oc-7d2"/>
      </symbol>
      <symbol id="sm-eec">
         <name>tcp_setprio</name>
         <value>0x91bb</value>
         <object_component_ref idref="oc-5a8"/>
      </symbol>
      <symbol id="sm-f5a">
         <name>UARTStdioConfig</name>
         <value>0x73b1</value>
         <object_component_ref idref="oc-1cf"/>
      </symbol>
      <symbol id="sm-f5b">
         <name>UARTwrite</name>
         <value>0x7ec5</value>
         <object_component_ref idref="oc-555"/>
      </symbol>
      <symbol id="sm-f5c">
         <name>UARTprintf</name>
         <value>0x8cf5</value>
         <object_component_ref idref="oc-1d5"/>
      </symbol>
      <symbol id="sm-f5d">
         <name>UARTvprintf</name>
         <value>0x31f1</value>
         <object_component_ref idref="oc-3b1"/>
      </symbol>
      <symbol id="sm-fbe">
         <name>uvsnprintf</name>
         <value>0x2b85</value>
         <object_component_ref idref="oc-5fc"/>
      </symbol>
      <symbol id="sm-fbf">
         <name>ustrncpy</name>
         <value>0x8915</value>
         <object_component_ref idref="oc-77c"/>
      </symbol>
      <symbol id="sm-fc0">
         <name>usprintf</name>
         <value>0x8c25</value>
         <object_component_ref idref="oc-4ed"/>
      </symbol>
      <symbol id="sm-fc1">
         <name>usnprintf</name>
         <value>0x8d29</value>
         <object_component_ref idref="oc-449"/>
      </symbol>
      <symbol id="sm-fc2">
         <name>ustrncmp</name>
         <value>0x8511</value>
         <object_component_ref idref="oc-b06"/>
      </symbol>
      <symbol id="sm-fd1">
         <name>__aeabi_uidivmod</name>
         <value>0x825d</value>
         <object_component_ref idref="oc-55b"/>
      </symbol>
      <symbol id="sm-fd2">
         <name>__aeabi_uidiv</name>
         <value>0x825d</value>
         <object_component_ref idref="oc-55b"/>
      </symbol>
      <symbol id="sm-fe1">
         <name>__aeabi_memset</name>
         <value>0x69e5</value>
         <object_component_ref idref="oc-d9"/>
      </symbol>
      <symbol id="sm-fe2">
         <name>memset</name>
         <value>0x69eb</value>
         <object_component_ref idref="oc-d9"/>
      </symbol>
      <symbol id="sm-fe3">
         <name>__aeabi_memset8</name>
         <value>0x69e5</value>
         <object_component_ref idref="oc-d9"/>
      </symbol>
      <symbol id="sm-fe4">
         <name>__aeabi_memset4</name>
         <value>0x69e5</value>
         <object_component_ref idref="oc-d9"/>
      </symbol>
      <symbol id="sm-fe5">
         <name>__aeabi_memclr8</name>
         <value>0x69e3</value>
         <object_component_ref idref="oc-d9"/>
      </symbol>
      <symbol id="sm-fe6">
         <name>__aeabi_memclr4</name>
         <value>0x69e3</value>
         <object_component_ref idref="oc-d9"/>
      </symbol>
      <symbol id="sm-fe7">
         <name>__aeabi_memclr</name>
         <value>0x69e3</value>
         <object_component_ref idref="oc-d9"/>
      </symbol>
      <symbol id="sm-ffb">
         <name>__aeabi_ddiv</name>
         <value>0x44b7</value>
         <object_component_ref idref="oc-270"/>
      </symbol>
      <symbol id="sm-1006">
         <name>__aeabi_dmul</name>
         <value>0x4fc9</value>
         <object_component_ref idref="oc-275"/>
      </symbol>
      <symbol id="sm-1012">
         <name>__aeabi_d2f</name>
         <value>0x6dfb</value>
         <object_component_ref idref="oc-27a"/>
      </symbol>
      <symbol id="sm-101d">
         <name>__aeabi_f2d</name>
         <value>0x84a1</value>
         <object_component_ref idref="oc-609"/>
      </symbol>
      <symbol id="sm-1038">
         <name>memcpy</name>
         <value>0x605f</value>
         <object_component_ref idref="oc-56"/>
      </symbol>
      <symbol id="sm-1039">
         <name>__aeabi_memcpy</name>
         <value>0x605f</value>
         <object_component_ref idref="oc-56"/>
      </symbol>
      <symbol id="sm-103a">
         <name>__aeabi_memcpy8</name>
         <value>0x605f</value>
         <object_component_ref idref="oc-56"/>
      </symbol>
      <symbol id="sm-103b">
         <name>__aeabi_memcpy4</name>
         <value>0x605f</value>
         <object_component_ref idref="oc-56"/>
      </symbol>
      <symbol id="sm-1045">
         <name>__aeabi_ui2d</name>
         <value>0x8ba5</value>
         <object_component_ref idref="oc-26b"/>
      </symbol>
      <symbol id="sm-1057">
         <name>__TI_zero_init</name>
         <value>0x90b1</value>
         <object_component_ref idref="oc-68"/>
      </symbol>
      <symbol id="sm-106e">
         <name>__TI_decompress_none</name>
         <value>0x9071</value>
         <object_component_ref idref="oc-18"/>
      </symbol>
      <symbol id="sm-1091">
         <name>__TI_decompress_lzss</name>
         <value>0x7011</value>
         <object_component_ref idref="oc-12"/>
      </symbol>
      <symbol id="sm-10a4">
         <name>__stack</name>
         <value>0x20017ee8</value>
         <object_component_ref idref="oc-21"/>
      </symbol>
      <symbol id="sm-10a5">
         <name>_c_int00_noargs</name>
         <value>0x83f9</value>
         <object_component_ref idref="oc-74"/>
      </symbol>
      <symbol id="sm-10b0">
         <name>C$$EXIT</name>
         <value>0x91a7</value>
         <object_component_ref idref="oc-2bc"/>
      </symbol>
      <symbol id="sm-10b1">
         <name>abort</name>
         <value>0x91a7</value>
         <object_component_ref idref="oc-2bc"/>
      </symbol>
      <symbol id="sm-10c3">
         <name>memcmp</name>
         <value>0x8a71</value>
         <object_component_ref idref="oc-4bd"/>
      </symbol>
      <symbol id="sm-10f2">
         <name>snprintf</name>
         <value>0x7d4d</value>
         <object_component_ref idref="oc-60e"/>
      </symbol>
      <symbol id="sm-1102">
         <name>strchr</name>
         <value>0x8e73</value>
         <object_component_ref idref="oc-a46"/>
      </symbol>
      <symbol id="sm-1111">
         <name>strcmp</name>
         <value>0x8dbd</value>
         <object_component_ref idref="oc-a91"/>
      </symbol>
      <symbol id="sm-111f">
         <name>strlen</name>
         <value>0x8eed</value>
         <object_component_ref idref="oc-45b"/>
      </symbol>
      <symbol id="sm-112f">
         <name>strncmp</name>
         <value>0x8895</value>
         <object_component_ref idref="oc-9cb"/>
      </symbol>
      <symbol id="sm-1142">
         <name>strstr</name>
         <value>0x864d</value>
         <object_component_ref idref="oc-aa9"/>
      </symbol>
      <symbol id="sm-114c">
         <name>__aeabi_idiv0</name>
         <value>0x3adf</value>
         <object_component_ref idref="oc-6e1"/>
      </symbol>
      <symbol id="sm-114d">
         <name>__aeabi_ldiv0</name>
         <value>0x3adf</value>
         <object_component_ref idref="oc-6e1"/>
      </symbol>
      <symbol id="sm-1175">
         <name>__TI_auto_init_nobinit_nopinit</name>
         <value>0x8195</value>
         <object_component_ref idref="oc-2c8"/>
      </symbol>
      <symbol id="sm-117f">
         <name>_system_pre_init</name>
         <value>0x91a3</value>
         <object_component_ref idref="oc-df"/>
      </symbol>
      <symbol id="sm-12e5">
         <name>__TI_printfi</name>
         <value>0x201</value>
         <object_component_ref idref="oc-786"/>
      </symbol>
      <symbol id="sm-12fb">
         <name>atoi</name>
         <value>0x7c69</value>
         <object_component_ref idref="oc-90e"/>
      </symbol>
      <symbol id="sm-1306">
         <name>_ctypes_</name>
         <value>0xda54</value>
         <object_component_ref idref="oc-9f9"/>
      </symbol>
      <symbol id="sm-1315">
         <name>ltoa</name>
         <value>0x784d</value>
         <object_component_ref idref="oc-a0f"/>
      </symbol>
      <symbol id="sm-1325">
         <name>memccpy</name>
         <value>0x8cbd</value>
         <object_component_ref idref="oc-937"/>
      </symbol>
      <symbol id="sm-1345">
         <name>frexpl</name>
         <value>0x72e9</value>
         <object_component_ref idref="oc-a3a"/>
      </symbol>
      <symbol id="sm-1346">
         <name>frexp</name>
         <value>0x72e9</value>
         <object_component_ref idref="oc-a3a"/>
      </symbol>
      <symbol id="sm-1363">
         <name>scalbn</name>
         <value>0x4db9</value>
         <object_component_ref idref="oc-a40"/>
      </symbol>
      <symbol id="sm-1364">
         <name>scalbnl</name>
         <value>0x4db9</value>
         <object_component_ref idref="oc-a40"/>
      </symbol>
      <symbol id="sm-1365">
         <name>ldexpl</name>
         <value>0x4db9</value>
         <object_component_ref idref="oc-a40"/>
      </symbol>
      <symbol id="sm-1366">
         <name>ldexp</name>
         <value>0x4db9</value>
         <object_component_ref idref="oc-a40"/>
      </symbol>
      <symbol id="sm-1370">
         <name>copysign</name>
         <value>0x8ec5</value>
         <object_component_ref idref="oc-ae0"/>
      </symbol>
      <symbol id="sm-1371">
         <name>copysignl</name>
         <value>0x8ec5</value>
         <object_component_ref idref="oc-ae0"/>
      </symbol>
      <symbol id="sm-138a">
         <name>wcslen</name>
         <value>0x8fa7</value>
         <object_component_ref idref="oc-93d"/>
      </symbol>
      <symbol id="sm-13a1">
         <name>__aeabi_dsub</name>
         <value>0x3929</value>
         <object_component_ref idref="oc-a1a"/>
      </symbol>
      <symbol id="sm-13a2">
         <name>__aeabi_dadd</name>
         <value>0x3933</value>
         <object_component_ref idref="oc-a1a"/>
      </symbol>
      <symbol id="sm-13c4">
         <name>__aeabi_cdcmpeq</name>
         <value>0x63e1</value>
         <object_component_ref idref="oc-91a"/>
      </symbol>
      <symbol id="sm-13c5">
         <name>__aeabi_cdcmple</name>
         <value>0x63e1</value>
         <object_component_ref idref="oc-91a"/>
      </symbol>
      <symbol id="sm-13c6">
         <name>__aeabi_cdrcmple</name>
         <value>0x6467</value>
         <object_component_ref idref="oc-a05"/>
      </symbol>
      <symbol id="sm-13d0">
         <name>__aeabi_d2iz</name>
         <value>0x802d</value>
         <object_component_ref idref="oc-a0a"/>
      </symbol>
      <symbol id="sm-13da">
         <name>__aeabi_i2d</name>
         <value>0x87e1</value>
         <object_component_ref idref="oc-a15"/>
      </symbol>
      <symbol id="sm-13e7">
         <name>__aeabi_uldivmod</name>
         <value>0x6199</value>
         <object_component_ref idref="oc-9fe"/>
      </symbol>
      <symbol id="sm-13fd">
         <name>__aeabi_errno_addr</name>
         <value>0x9135</value>
         <object_component_ref idref="oc-943"/>
      </symbol>
      <symbol id="sm-13fe">
         <name>errno</name>
         <value>0x2001901c</value>
         <object_component_ref idref="oc-a56"/>
      </symbol>
      <symbol id="sm-14d1">
         <name>EMACConfigSet</name>
         <value>0x8389</value>
         <object_component_ref idref="oc-323"/>
      </symbol>
      <symbol id="sm-14d2">
         <name>EMACTxEnable</name>
         <value>0x8e31</value>
         <object_component_ref idref="oc-88a"/>
      </symbol>
      <symbol id="sm-14d3">
         <name>EMACRxDMADescriptorListSet</name>
         <value>0x9155</value>
         <object_component_ref idref="oc-9a3"/>
      </symbol>
      <symbol id="sm-14d4">
         <name>EMACPHYConfigSet</name>
         <value>0x7699</value>
         <object_component_ref idref="oc-3c3"/>
      </symbol>
      <symbol id="sm-14d5">
         <name>EMACPHYRead</name>
         <value>0x8991</value>
         <object_component_ref idref="oc-30b"/>
      </symbol>
      <symbol id="sm-14d6">
         <name>EMACTimestampIntStatus</name>
         <value>0x915b</value>
         <object_component_ref idref="oc-9f"/>
      </symbol>
      <symbol id="sm-14d7">
         <name>EMACRxEnable</name>
         <value>0x8e1b</value>
         <object_component_ref idref="oc-890"/>
      </symbol>
      <symbol id="sm-14d8">
         <name>EMACPowerManagementStatusGet</name>
         <value>0x9125</value>
         <object_component_ref idref="oc-99"/>
      </symbol>
      <symbol id="sm-14d9">
         <name>EMACIntClear</name>
         <value>0x857d</value>
         <object_component_ref idref="oc-884"/>
      </symbol>
      <symbol id="sm-14da">
         <name>EMACConfigGet</name>
         <value>0x8549</value>
         <object_component_ref idref="oc-31d"/>
      </symbol>
      <symbol id="sm-14db">
         <name>EMACInit</name>
         <value>0x6ad9</value>
         <object_component_ref idref="oc-3c9"/>
      </symbol>
      <symbol id="sm-14dc">
         <name>EMACIntEnable</name>
         <value>0x82db</value>
         <object_component_ref idref="oc-896"/>
      </symbol>
      <symbol id="sm-14dd">
         <name>EMACPHYWrite</name>
         <value>0x89b7</value>
         <object_component_ref idref="oc-878"/>
      </symbol>
      <symbol id="sm-14de">
         <name>EMACReset</name>
         <value>0x8e05</value>
         <object_component_ref idref="oc-572"/>
      </symbol>
      <symbol id="sm-14df">
         <name>EMACFrameFilterSet</name>
         <value>0x8fc9</value>
         <object_component_ref idref="oc-87e"/>
      </symbol>
      <symbol id="sm-14e0">
         <name>EMACTxDMAPollDemand</name>
         <value>0x912d</value>
         <object_component_ref idref="oc-8c4"/>
      </symbol>
      <symbol id="sm-14e1">
         <name>EMACAddrGet</name>
         <value>0x8c63</value>
         <object_component_ref idref="oc-86c"/>
      </symbol>
      <symbol id="sm-14e2">
         <name>EMACTxDMADescriptorListSet</name>
         <value>0x9161</value>
         <object_component_ref idref="oc-9a9"/>
      </symbol>
      <symbol id="sm-14e3">
         <name>EMACIntStatus</name>
         <value>0x883d</value>
         <object_component_ref idref="oc-93"/>
      </symbol>
      <symbol id="sm-14f2">
         <name>FlashUserGet</name>
         <value>0x8e89</value>
         <object_component_ref idref="oc-1ed"/>
      </symbol>
      <symbol id="sm-1544">
         <name>GPIOPinTypePWM</name>
         <value>0x8f4d</value>
         <object_component_ref idref="oc-241"/>
      </symbol>
      <symbol id="sm-1545">
         <name>GPIOPinConfigure</name>
         <value>0x7e7d</value>
         <object_component_ref idref="oc-23b"/>
      </symbol>
      <symbol id="sm-1546">
         <name>GPIOPinTypeADC</name>
         <value>0x8f29</value>
         <object_component_ref idref="oc-3e7"/>
      </symbol>
      <symbol id="sm-1547">
         <name>GPIOPinRead</name>
         <value>0x9167</value>
         <object_component_ref idref="oc-25f"/>
      </symbol>
      <symbol id="sm-1548">
         <name>GPIODirModeSet</name>
         <value>0x88c1</value>
         <object_component_ref idref="oc-433"/>
      </symbol>
      <symbol id="sm-1549">
         <name>GPIOPinWrite</name>
         <value>0x916d</value>
         <object_component_ref idref="oc-265"/>
      </symbol>
      <symbol id="sm-154a">
         <name>GPIOPadConfigSet</name>
         <value>0x45ed</value>
         <object_component_ref idref="oc-395"/>
      </symbol>
      <symbol id="sm-154b">
         <name>GPIOPinTypeEthernetLED</name>
         <value>0x8f3b</value>
         <object_component_ref idref="oc-39b"/>
      </symbol>
      <symbol id="sm-15b1">
         <name>IntPrioritySet</name>
         <value>0x8a29</value>
         <object_component_ref idref="oc-211"/>
      </symbol>
      <symbol id="sm-15b2">
         <name>IntEnable</name>
         <value>0x6fa9</value>
         <object_component_ref idref="oc-229"/>
      </symbol>
      <symbol id="sm-15b3">
         <name>IntDisable</name>
         <value>0x6f41</value>
         <object_component_ref idref="oc-297"/>
      </symbol>
      <symbol id="sm-15b4">
         <name>IntRegister</name>
         <value>0x85b1</value>
         <object_component_ref idref="oc-21d"/>
      </symbol>
      <symbol id="sm-15b5">
         <name>g_pfnRAMVectors</name>
         <value>0x20000000</value>
         <object_component_ref idref="oc-41d"/>
      </symbol>
      <symbol id="sm-15b6">
         <name>IntMasterEnable</name>
         <value>0x8fd9</value>
         <object_component_ref idref="oc-22f"/>
      </symbol>
      <symbol id="sm-1649">
         <name>SysCtlDelay</name>
         <value>0x9179</value>
         <object_component_ref idref="oc-571"/>
      </symbol>
      <symbol id="sm-164a">
         <name>SysCtlMOSCConfigSet</name>
         <value>0x90a5</value>
         <object_component_ref idref="oc-1bd"/>
      </symbol>
      <symbol id="sm-164b">
         <name>SysCtlPeripheralEnable</name>
         <value>0x85e5</value>
         <object_component_ref idref="oc-235"/>
      </symbol>
      <symbol id="sm-164c">
         <name>SysCtlPeripheralReady</name>
         <value>0x83c1</value>
         <object_component_ref idref="oc-56b"/>
      </symbol>
      <symbol id="sm-164d">
         <name>SysCtlClockFreqSet</name>
         <value>0x2ff1</value>
         <object_component_ref idref="oc-1c3"/>
      </symbol>
      <symbol id="sm-164e">
         <name>SysCtlPeripheralReset</name>
         <value>0x79ed</value>
         <object_component_ref idref="oc-565"/>
      </symbol>
      <symbol id="sm-1671">
         <name>SysTickEnable</name>
         <value>0x8e9d</value>
         <object_component_ref idref="oc-1e1"/>
      </symbol>
      <symbol id="sm-1672">
         <name>SysTickIntEnable</name>
         <value>0x8eb1</value>
         <object_component_ref idref="oc-1e7"/>
      </symbol>
      <symbol id="sm-1673">
         <name>SysTickPeriodSet</name>
         <value>0x8ff9</value>
         <object_component_ref idref="oc-1db"/>
      </symbol>
      <symbol id="sm-167d">
         <name>CPUcpsie</name>
         <value>0x908b</value>
         <object_component_ref idref="oc-426"/>
      </symbol>
      <symbol id="sm-167e">
         <name>__TI_static_base__</name>
         <value>0x0</value>
      </symbol>
      <symbol id="sm-1681">
         <name>__mpu_init</name>
         <value>0x0</value>
      </symbol>
      <symbol id="sm-1682">
         <name>_system_post_cinit</name>
         <value>0x0</value>
      </symbol>
   </symbol_table>
   <title>Link successful</title>
</link_info>
