******************************************************************************
                  TI ARM Linker PC v18.1.2                     
******************************************************************************
>> Linked Sat Mar  7 13:39:28 2020

OUTPUT FILE NAME:   <___Bachelorarbeit.out>
ENTRY POINT SYMBOL: "_c_int00_noargs"  address: 000083f9


MEMORY CONFIGURATION

         name            origin    length      used     unused   attr    fill
----------------------  --------  ---------  --------  --------  ----  --------
  FLASH                 00000000   00100000  0000e0a6  000f1f5a  R  X
  SRAM                  20000000   00040000  0001901a  00026fe6  RW X


SEGMENT ALLOCATION MAP

run origin  load origin   length   init length attrs members
----------  ----------- ---------- ----------- ----- -------
00000000    00000000    0000e0a8   0000e0a8    r-x
  00000000    00000000    00000200   00000200    r-- .intvecs
  00000200    00000200    00008fbe   00008fbe    r-x .text
  000091c0    000091c0    00004dd8   00004dd8    r-- .const
  0000df98    0000df98    00000110   00000110    r-- .cinit
20000000    20000000    00019020   00000000    rw-
  20000000    20000000    0000026c   00000000    rw- .vtable
  20000270    20000270    00017c76   00000000    rw- .bss
  20017ee8    20017ee8    00001000   00000000    rw- .stack
  20018ee8    20018ee8    00000138   00000000    rw- .data


SECTION ALLOCATION MAP

 output                                  attributes/
section   page    origin      length       input sections
--------  ----  ----------  ----------   ----------------
.intvecs   0    00000000    00000200     
                  00000000    00000200     startup_ccs.obj (.intvecs)

.text      0    00000200    00008fbe     
                  00000200    00000a5e     rtsv7M4_T_le_v4SPD16_eabi.lib : _printfi.c.obj (.text:__TI_printfi)
                  00000c5e    00000002     startup_ccs.obj (.text:FaultISR)
                  00000c60    000007ac     lwiplib.obj (.text:tcp_receive)
                  0000140c    000004a6     httpd.obj (.text:http_send_data)
                  000018b2    00000002     startup_ccs.obj (.text:IntDefaultHandler)
                  000018b4    000003cc     lwiplib.obj (.text:tcp_input)
                  00001c80    000003b4     lwiplib.obj (.text:tcp_process)
                  00002034    00000330     ___Bachelorarbeit.obj (.text:main)
                  00002364    000002e8     lwiplib.obj (.text:tcp_write)
                  0000264c    000002c8     lwiplib.obj (.text:tcp_slowtmr)
                  00002914    00000270     rtsv7M4_T_le_v4SPD16_eabi.lib : _printfi.c.obj (.text:_pconv_a)
                  00002b84    00000251     ustdlib.obj (.text:uvsnprintf)
                  00002dd5    00000001     --HOLE-- [fill = 0]
                  00002dd6    00000002     startup_ccs.obj (.text:NmiSR)
                  00002dd8    00000218     pinout.obj (.text:PinoutSet)
                  00002ff0    00000200     driverlib.lib : sysctl.obj (.text:SysCtlClockFreqSet)
                  000031f0    000001ea     uartstdio.obj (.text:UARTvprintf)
                  000033da    00000002     io.obj (.text:io_init)
                  000033dc    000001d0     rtsv7M4_T_le_v4SPD16_eabi.lib : _printfi.c.obj (.text:_pconv_g)
                  000035ac    000001c0     lwiplib.obj (.text:ip_input)
                  0000376c    000001bc     lwiplib.obj (.text:udp_input)
                  00003928    000001b6     rtsv7M4_T_le_v4SPD16_eabi.lib : fd_add_t2.asm.obj (.text)
                  00003ade    00000002                                   : div0.asm.obj (.text)
                  00003ae0    000001a8     ___Bachelorarbeit.obj (.text:SSIHandler)
                  00003c88    000001a4     lwiplib.obj (.text:icmp_input)
                  00003e2c    0000018c     lwiplib.obj (.text:tcp_output)
                  00003fb8    00000148     lwiplib.obj (.text:tcp_close_shutdown)
                  00004100    00000140     lwiplib.obj (.text:tivaif_receive)
                  00004240    0000013c     rtsv7M4_T_le_v4SPD16_eabi.lib : _printfi.c.obj (.text:_pconv_e)
                  0000437c    0000013a     lwiplib.obj (.text:pbuf_alloc)
                  000044b6    00000136     rtsv7M4_T_le_v4SPD16_eabi.lib : fd_div_t2.asm.obj (.text)
                  000045ec    00000132     driverlib.lib : gpio.obj (.text:GPIOPadConfigSet)
                  0000471e    00000002     --HOLE-- [fill = 0]
                  00004720    00000124     lwiplib.obj (.text:etharp_arp_input)
                  00004844    00000120     rtsv7M4_T_le_v4SPD16_eabi.lib : _printfi.c.obj (.text:fcvt)
                  00004964    00000118     lwiplib.obj (.text:etharp_output)
                  00004a7c    00000114     lwiplib.obj (.text:etharp_query)
                  00004b90    00000114     httpd.obj (.text:http_find_file)
                  00004ca4    00000114     lwiplib.obj (.text:tcp_listen_input)
                  00004db8    00000110     rtsv7M4_T_le_v4SPD16_eabi.lib : s_scalbn.c.obj (.text:scalbn)
                  00004ec8    00000100     lwiplib.obj (.text:tivaif_transmit)
                  00004fc8    000000fc     rtsv7M4_T_le_v4SPD16_eabi.lib : fd_mul_t2.asm.obj (.text)
                  000050c4    000000f8     lwiplib.obj (.text:mem_malloc)
                  000051bc    000000ec     httpd.obj (.text:get_http_headers)
                  000052a8    000000e8     lwiplib.obj (.text:ip_output_if)
                  00005390    000000e8     lwiplib.obj (.text:mem_trim)
                  00005478    000000e4     lwiplib.obj (.text:lwIPInit)
                  0000555c    000000e0     lwiplib.obj (.text:etharp_find_entry)
                  0000563c    000000d8     lwiplib.obj (.text:tcp_output_segment)
                  00005714    000000d0     httpd.obj (.text:get_tag_insert)
                  000057e4    000000d0     lwiplib.obj (.text:tcp_alloc)
                  000058b4    000000c4     lwiplib.obj (.text:InitDMADescriptors)
                  00005978    000000c4     lwiplib.obj (.text:etharp_raw)
                  00005a3c    000000bc     lwiplib.obj (.text:tcp_create_segment)
                  00005af8    000000bc     lwiplib.obj (.text:tivaif_hwinit)
                  00005bb4    000000b4     ___Bachelorarbeit.obj (.text:lwIPHostTimerHandler)
                  00005c68    000000b1     rtsv7M4_T_le_v4SPD16_eabi.lib : _printfi.c.obj (.text:_ltostr)
                  00005d19    00000003     --HOLE-- [fill = 0]
                  00005d1c    000000ac     lwiplib.obj (.text:ethernet_input)
                  00005dc8    000000ac     lwiplib.obj (.text:tcp_enqueue_flags)
                  00005e74    000000ac     lwiplib.obj (.text:tcp_zero_window_probe)
                  00005f20    000000a0     lwiplib.obj (.text:inet_chksum_pseudo)
                  00005fc0    0000009e     httpd.obj (.text:http_parse_request)
                  0000605e    0000009c     rtsv7M4_T_le_v4SPD16_eabi.lib : memcpy_t2.asm.obj (.text)
                  000060fa    00000002     --HOLE-- [fill = 0]
                  000060fc    0000009c     lwiplib.obj (.text:tcp_listen_with_backlog)
                  00006198    00000096     rtsv7M4_T_le_v4SPD16_eabi.lib : ull_div_t2.asm.obj (.text)
                  0000622e    00000092     lwiplib.obj (.text:pbuf_copy)
                  000062c0    00000090     lwiplib.obj (.text:tcp_abandon)
                  00006350    00000090     lwiplib.obj (.text:tcp_rst)
                  000063e0    00000086     rtsv7M4_T_le_v4SPD16_eabi.lib : fd_cmp_t2.asm.obj (.text:__aeabi_cdcmple)
                  00006466    00000086                                   : fd_cmp_t2.asm.obj (.text:__aeabi_cdrcmple)
                  000064ec    00000084     io_fs.obj (.text:fs_open)
                  00006570    00000084     lwiplib.obj (.text:tcp_timewait_input)
                  000065f4    00000080     ___Bachelorarbeit.obj (.text:Funktion_ADC)
                  00006674    00000080     lwiplib.obj (.text:lwIPEthernetIntHandler)
                  000066f4    00000080     lwiplib.obj (.text:lwIPPrivateInit)
                  00006774    00000080     lwiplib.obj (.text:tcp_parseopt)
                  000067f4    0000007c     lwiplib.obj (.text:tcp_bind)
                  00006870    0000007c     lwiplib.obj (.text:tcp_oos_insert_segment)
                  000068ec    0000007c     lwiplib.obj (.text:tivaif_process_phy_interrupt)
                  00006968    0000007a     ___Bachelorarbeit.obj (.text:ADCSequenceStepConfigure)
                  000069e2    0000007a     rtsv7M4_T_le_v4SPD16_eabi.lib : memset_t2.asm.obj (.text)
                  00006a5c    00000079     httpd.obj (.text:http_init_file)
                  00006ad5    00000003     --HOLE-- [fill = 0]
                  00006ad8    00000078     driverlib.lib : emac.obj (.text:EMACInit)
                  00006b50    00000074     lwiplib.obj (.text:etharp_update_arp_entry)
                  00006bc4    00000074     lwiplib.obj (.text:raw_input)
                  00006c38    00000072     httpd.obj (.text:extract_uri_parameters)
                  00006caa    00000002     --HOLE-- [fill = 0]
                  00006cac    00000070     lwiplib.obj (.text:mem_free)
                  00006d1c    00000070     lwiplib.obj (.text:tcp_fasttmr)
                  00006d8c    0000006e     rtsv7M4_T_le_v4SPD16_eabi.lib : _printfi.c.obj (.text:_mcpy)
                  00006dfa    0000006e                                   : fd_tos_t2.asm.obj (.text)
                  00006e68    0000006c     lwiplib.obj (.text:icmp_send_response)
                  00006ed4    0000006c     lwiplib.obj (.text:memp_init)
                  00006f40    00000068     driverlib.lib : interrupt.obj (.text:IntDisable)
                  00006fa8    00000068                   : interrupt.obj (.text:IntEnable)
                  00007010    00000068     rtsv7M4_T_le_v4SPD16_eabi.lib : copy_decompress_lzss.c.obj (.text:decompress:lzss:__TI_decompress_lzss)
                  00007078    00000068     httpd.obj (.text:http_recv)
                  000070e0    00000068     lwiplib.obj (.text:lwip_standard_chksum)
                  00007148    00000068     lwiplib.obj (.text:sys_timeout)
                  000071b0    00000068     lwiplib.obj (.text:tcp_output_alloc_header)
                  00007218    00000068     lwiplib.obj (.text:tcp_process_refused_data)
                  00007280    00000066     lwiplib.obj (.text:pbuf_copy_partial)
                  000072e6    00000002     --HOLE-- [fill = 0]
                  000072e8    00000064     rtsv7M4_T_le_v4SPD16_eabi.lib : s_frexp.c.obj (.text:frexp)
                  0000734c    00000064     lwiplib.obj (.text:pbuf_header)
                  000073b0    00000060     uartstdio.obj (.text:UARTStdioConfig)
                  00007410    00000060     lwiplib.obj (.text:plug_holes)
                  00007470    0000005c     lwiplib.obj (.text:mem_init)
                  000074cc    0000005c     lwiplib.obj (.text:netif_set_ipaddr)
                  00007528    0000005c     lwiplib.obj (.text:tcp_keepalive)
                  00007584    0000005c     lwiplib.obj (.text:tcp_pcb_remove)
                  000075e0    0000005c     lwiplib.obj (.text:tcp_send_empty_ack)
                  0000763c    0000005a     lwiplib.obj (.text:pbuf_realloc)
                  00007696    00000002     --HOLE-- [fill = 0]
                  00007698    00000058     driverlib.lib : emac.obj (.text:EMACPHYConfigSet)
                  000076f0    00000058     httpd.obj (.text:http_accept)
                  00007748    00000058     lwiplib.obj (.text:memp_malloc)
                  000077a0    00000056     rtsv7M4_T_le_v4SPD16_eabi.lib : _printfi.c.obj (.text:_pconv_f)
                  000077f6    00000056     lwiplib.obj (.text:tcp_rexmit)
                  0000784c    00000054     rtsv7M4_T_le_v4SPD16_eabi.lib : ltoa.c.obj (.text:ltoa)
                  000078a0    00000054     lwiplib.obj (.text:tcp_new_port)
                  000078f4    00000052     rtsv7M4_T_le_v4SPD16_eabi.lib : _printfi.c.obj (.text:_ecpy)
                  00007946    00000052     lwiplib.obj (.text:tcp_pbuf_prealloc)
                  00007998    00000052     lwiplib.obj (.text:tivaif_process_transmit)
                  000079ea    00000002     --HOLE-- [fill = 0]
                  000079ec    00000050     driverlib.lib : sysctl.obj (.text:SysCtlPeripheralReset)
                  00007a3c    00000050     ___Bachelorarbeit.obj (.text:_ADCIntNumberGet)
                  00007a8c    00000050     httpd.obj (.text:http_close_conn)
                  00007adc    00000050     lwiplib.obj (.text:lwIPServiceTimers)
                  00007b2c    00000050     lwiplib.obj (.text:tcp_write_checks)
                  00007b7c    0000004e     ___Bachelorarbeit.obj (.text:ADCSequenceConfigure)
                  00007bca    0000004e     lwiplib.obj (.text:inet_chksum_pbuf)
                  00007c18    0000004e     lwiplib.obj (.text:pbuf_free)
                  00007c66    00000002     --HOLE-- [fill = 0]
                  00007c68    0000004c     rtsv7M4_T_le_v4SPD16_eabi.lib : atoi.c.obj (.text:atoi)
                  00007cb4    0000004c     lwiplib.obj (.text:ip_route)
                  00007d00    0000004c     lwiplib.obj (.text:netif_add)
                  00007d4c    0000004c     rtsv7M4_T_le_v4SPD16_eabi.lib : snprintf.c.obj (.text:snprintf)
                  00007d98    0000004c     httpd.obj (.text:strnstr)
                  00007de4    0000004c     lwiplib.obj (.text:tivaif_interrupt)
                  00007e30    0000004b     httpd.obj (.text:http_get_404_file)
                  00007e7b    00000001     --HOLE-- [fill = 0]
                  00007e7c    00000048     driverlib.lib : gpio.obj (.text:GPIOPinConfigure)
                  00007ec4    00000048     uartstdio.obj (.text:UARTwrite)
                  00007f0c    00000048     driverlib.lib : sysctl.obj (.text:_SysCtlFrequencyGet)
                  00007f54    00000048     lwiplib.obj (.text:etharp_output_to_arp_index)
                  00007f9c    00000048     httpd.obj (.text:http_write)
                  00007fe4    00000048     lwiplib.obj (.text:ip_output)
                  0000802c    00000048     rtsv7M4_T_le_v4SPD16_eabi.lib : fd_toi_t2.asm.obj (.text)
                  00008074    00000048     lwiplib.obj (.text:tcp_kill_prio)
                  000080bc    00000048     lwiplib.obj (.text:tcp_rexmit_fast)
                  00008104    00000048     lwiplib.obj (.text:tivaif_check_pbuf)
                  0000814c    00000046     lwiplib.obj (.text:tcp_send_fin)
                  00008192    00000002     --HOLE-- [fill = 0]
                  00008194    00000044     rtsv7M4_T_le_v4SPD16_eabi.lib : autoinit.c.obj (.text:__TI_auto_init_nobinit_nopinit:__TI_auto_init_nobinit_nopinit)
                  000081d8    00000042     lwiplib.obj (.text:tcp_pcb_purge)
                  0000821a    00000002     --HOLE-- [fill = 0]
                  0000821c    00000040     lwiplib.obj (.text:etharp_tmr)
                  0000825c    00000040     rtsv7M4_T_le_v4SPD16_eabi.lib : u_divt2.asm.obj (.text)
                  0000829c    0000003e                                   : _printfi.c.obj (.text:_fcpy)
                  000082da    0000003a     driverlib.lib : emac.obj (.text:EMACIntEnable)
                  00008314    0000003a     io_fs.obj (.text:fs_read)
                  0000834e    00000002     --HOLE-- [fill = 0]
                  00008350    00000038     ___Bachelorarbeit.obj (.text:DisplayIPAddress)
                  00008388    00000038     driverlib.lib : emac.obj (.text:EMACConfigSet)
                  000083c0    00000038                   : sysctl.obj (.text:SysCtlPeripheralReady)
                  000083f8    00000038     rtsv7M4_T_le_v4SPD16_eabi.lib : boot_cortex_m.c.obj (.text:_c_int00_noargs:_c_int00_noargs)
                  00008430    00000038     httpd.obj (.text:httpd_init_addr)
                  00008468    00000038     lwiplib.obj (.text:memp_free)
                  000084a0    00000038     rtsv7M4_T_le_v4SPD16_eabi.lib : fs_tod_t2.asm.obj (.text)
                  000084d8    00000038     lwiplib.obj (.text:tcpip_tcp_timer)
                  00008510    00000036     ustdlib.obj (.text:ustrncmp)
                  00008546    00000002     --HOLE-- [fill = 0]
                  00008548    00000034     driverlib.lib : emac.obj (.text:EMACConfigGet)
                  0000857c    00000034                   : emac.obj (.text:EMACIntClear)
                  000085b0    00000034                   : interrupt.obj (.text:IntRegister)
                  000085e4    00000034                   : sysctl.obj (.text:SysCtlPeripheralEnable)
                  00008618    00000034     httpd.obj (.text:http_poll)
                  0000864c    00000034     rtsv7M4_T_le_v4SPD16_eabi.lib : strstr.c.obj (.text:strstr)
                  00008680    00000034     lwiplib.obj (.text:tcp_kill_timewait)
                  000086b4    00000034     lwiplib.obj (.text:tcp_timer_needed)
                  000086e8    00000034     lwiplib.obj (.text:tivaif_init)
                  0000871c    00000032     lwiplib.obj (.text:ip4_addr_isbroadcast)
                  0000874e    00000032     lwiplib.obj (.text:tcp_recved)
                  00008780    00000030     rtsv7M4_T_le_v4SPD16_eabi.lib : snprintf.c.obj (.text:_outs)
                  000087b0    00000030     lwiplib.obj (.text:tcp_update_rcv_ann_wnd)
                  000087e0    0000002e     rtsv7M4_T_le_v4SPD16_eabi.lib : i_tofd_t2.asm.obj (.text)
                  0000880e    0000002e     lwiplib.obj (.text:tcp_rexmit_rto)
                  0000883c    0000002c     driverlib.lib : emac.obj (.text:EMACIntStatus)
                  00008868    0000002c     lwiplib.obj (.text:etharp_request)
                  00008894    0000002c     rtsv7M4_T_le_v4SPD16_eabi.lib : strncmp.c.obj (.text:strncmp)
                  000088c0    0000002a     driverlib.lib : gpio.obj (.text:GPIODirModeSet)
                  000088ea    0000002a     lwiplib.obj (.text:pbuf_cat)
                  00008914    0000002a     ustdlib.obj (.text:ustrncpy)
                  0000893e    00000002     --HOLE-- [fill = 0]
                  00008940    00000028     ___Bachelorarbeit.obj (.text:ADC0IntHandler)
                  00008968    00000028     io.obj (.text:post_to_server2)
                  00008990    00000026     driverlib.lib : emac.obj (.text:EMACPHYRead)
                  000089b6    00000026                   : emac.obj (.text:EMACPHYWrite)
                  000089dc    00000026     httpd.obj (.text:http_state_free)
                  00008a02    00000026     lwiplib.obj (.text:tcp_recv_null)
                  00008a28    00000024     driverlib.lib : interrupt.obj (.text:IntPrioritySet)
                  00008a4c    00000024     lwiplib.obj (.text:etharp_free_entry)
                  00008a70    00000024     rtsv7M4_T_le_v4SPD16_eabi.lib : memcmp.c.obj (.text:memcmp)
                  00008a94    00000024     lwiplib.obj (.text:netif_set_link_up)
                  00008ab8    00000024     lwiplib.obj (.text:netif_set_up)
                  00008adc    00000024     lwiplib.obj (.text:tcp_seg_copy)
                  00008b00    00000022     ___Bachelorarbeit.obj (.text:PWMGenConfigure)
                  00008b22    00000022     httpd.obj (.text:http_state_alloc)
                  00008b44    00000020     driverlib.lib : sysctl.obj (.text:_SysCtlMemTimingGet)
                  00008b64    00000020     lwiplib.obj (.text:etharp_send_ip)
                  00008b84    00000020     lwiplib.obj (.text:lwIPTimer)
                  00008ba4    00000020     rtsv7M4_T_le_v4SPD16_eabi.lib : u_tofd_t2.asm.obj (.text)
                  00008bc4    00000020     lwiplib.obj (.text:sys_timeouts_init)
                  00008be4    00000020     lwiplib.obj (.text:tcp_eff_send_mss)
                  00008c04    00000020     lwiplib.obj (.text:tcp_tmr)
                  00008c24    00000020     ustdlib.obj (.text:usprintf)
                  00008c44    0000001e     ___Bachelorarbeit.obj (.text:ADCSequenceDataGet)
                  00008c62    0000001e     driverlib.lib : emac.obj (.text:EMACAddrGet)
                  00008c80    0000001e     ___Bachelorarbeit.obj (.text:PWMPulseWidthSet)
                  00008c9e    00000002     --HOLE-- [fill = 0]
                  00008ca0    0000001c     httpd.obj (.text:http_set_ssi_handler)
                  00008cbc    0000001c     rtsv7M4_T_le_v4SPD16_eabi.lib : memccpy.c.obj (.text:memccpy)
                  00008cd8    0000001c     lwiplib.obj (.text:netif_set_addr)
                  00008cf4    0000001a     uartstdio.obj (.text:UARTprintf)
                  00008d0e    0000001a     lwiplib.obj (.text:lwip_htonl)
                  00008d28    0000001a     ustdlib.obj (.text:usnprintf)
                  00008d42    00000018     ___Bachelorarbeit.obj (.text:ADCClockConfigSet)
                  00008d5a    00000018     ___Bachelorarbeit.obj (.text:ADCIntRegister)
                  00008d72    00000018     rtsv7M4_T_le_v4SPD16_eabi.lib : snprintf.c.obj (.text:_outc)
                  00008d8a    00000002     --HOLE-- [fill = 0]
                  00008d8c    00000018     lwiplib.obj (.text:arp_timer)
                  00008da4    00000018     lwiplib.obj (.text:pbuf_pool_is_empty)
                  00008dbc    00000018     rtsv7M4_T_le_v4SPD16_eabi.lib : strcmp.c.obj (.text:strcmp)
                  00008dd4    00000018     lwiplib.obj (.text:tcp_next_iss)
                  00008dec    00000018     lwiplib.obj (.text:tcp_seg_free)
                  00008e04    00000016     driverlib.lib : emac.obj (.text:EMACReset)
                  00008e1a    00000016                   : emac.obj (.text:EMACRxEnable)
                  00008e30    00000016                   : emac.obj (.text:EMACTxEnable)
                  00008e46    00000016     httpd.obj (.text:http_sent)
                  00008e5c    00000016     lwiplib.obj (.text:pbuf_ref)
                  00008e72    00000016     rtsv7M4_T_le_v4SPD16_eabi.lib : strchr.c.obj (.text:strchr)
                  00008e88    00000014     driverlib.lib : flash.obj (.text:FlashUserGet)
                  00008e9c    00000014                   : systick.obj (.text:SysTickEnable)
                  00008eb0    00000014                   : systick.obj (.text:SysTickIntEnable)
                  00008ec4    00000014     rtsv7M4_T_le_v4SPD16_eabi.lib : s_copysign.c.obj (.text:copysign)
                  00008ed8    00000014     io.obj (.text:post_to_server)
                  00008eec    00000014     rtsv7M4_T_le_v4SPD16_eabi.lib : strlen.c.obj (.text:strlen)
                  00008f00    00000014     lwiplib.obj (.text:sys_arch_unprotect)
                  00008f14    00000014     lwiplib.obj (.text:tcp_close)
                  00008f28    00000012     driverlib.lib : gpio.obj (.text:GPIOPinTypeADC)
                  00008f3a    00000012                   : gpio.obj (.text:GPIOPinTypeEthernetLED)
                  00008f4c    00000012                   : gpio.obj (.text:GPIOPinTypePWM)
                  00008f5e    00000012     ___Bachelorarbeit.obj (.text:PWMOutputState)
                  00008f70    00000012     lwiplib.obj (.text:netif_set_link_down)
                  00008f82    00000012     lwiplib.obj (.text:pbuf_clen)
                  00008f94    00000012     lwiplib.obj (.text:tcp_segs_free)
                  00008fa6    00000012     rtsv7M4_T_le_v4SPD16_eabi.lib : wcslen.c.obj (.text:wcslen)
                  00008fb8    00000010     ___Bachelorarbeit.obj (.text:ADCIntEnable)
                  00008fc8    00000010     driverlib.lib : emac.obj (.text:EMACFrameFilterSet)
                  00008fd8    00000010                   : interrupt.obj (.text:IntMasterEnable)
                  00008fe8    00000010     ___Bachelorarbeit.obj (.text:PWMGenPeriodSet)
                  00008ff8    00000010     driverlib.lib : systick.obj (.text:SysTickPeriodSet)
                  00009008    00000010     lwiplib.obj (.text:inet_chksum)
                  00009018    00000010     lwiplib.obj (.text:lwip_init)
                  00009028    00000010     lwiplib.obj (.text:sys_arch_protect)
                  00009038    0000000e     ___Bachelorarbeit.obj (.text:ADCHardwareOversampleConfigure)
                  00009046    0000000e     ___Bachelorarbeit.obj (.text:ADCIntDisable)
                  00009054    0000000e     ___Bachelorarbeit.obj (.text:ADCSequenceDisable)
                  00009062    0000000e     ___Bachelorarbeit.obj (.text:ADCSequenceEnable)
                  00009070    0000000e     rtsv7M4_T_le_v4SPD16_eabi.lib : copy_decompress_none.c.obj (.text:decompress:none:__TI_decompress_none)
                  0000907e    0000000c     ___Bachelorarbeit.obj (.text:ADCReferenceSet)
                  0000908a    0000000c     driverlib.lib : cpu.obj (.text:CPUcpsie)
                  00009096    0000000c     ___Bachelorarbeit.obj (.text:PWMGenEnable)
                  000090a2    00000002     --HOLE-- [fill = 0]
                  000090a4    0000000c     driverlib.lib : sysctl.obj (.text:SysCtlMOSCConfigSet)
                  000090b0    0000000c     rtsv7M4_T_le_v4SPD16_eabi.lib : copy_zero_init.c.obj (.text:decompress:ZI:__TI_zero_init)
                  000090bc    0000000c     httpd.obj (.text:httpd_init)
                  000090c8    0000000c     lwiplib.obj (.text:lwIPLocalIPAddrGet)
                  000090d4    0000000c     lwiplib.obj (.text:lwip_htons)
                  000090e0    0000000c     lwiplib.obj (.text:netif_set_default)
                  000090ec    0000000c     lwiplib.obj (.text:netif_set_gw)
                  000090f8    0000000c     lwiplib.obj (.text:netif_set_netmask)
                  00009104    0000000c     lwiplib.obj (.text:sys_now)
                  00009110    0000000a     ___Bachelorarbeit.obj (.text:ADCIntClear)
                  0000911a    0000000a     lwiplib.obj (.text:tcp_poll)
                  00009124    00000008     driverlib.lib : emac.obj (.text:EMACPowerManagementStatusGet)
                  0000912c    00000008                   : emac.obj (.text:EMACTxDMAPollDemand)
                  00009134    00000008     rtsv7M4_T_le_v4SPD16_eabi.lib : errno.c.obj (.text:__aeabi_errno_addr)
                  0000913c    00000008     io_fs.obj (.text:fs_bytes_left)
                  00009144    00000008     httpd.obj (.text:http_err)
                  0000914c    00000008     lwiplib.obj (.text:icmp_dest_unreach)
                  00009154    00000006     driverlib.lib : emac.obj (.text:EMACRxDMADescriptorListSet)
                  0000915a    00000006                   : emac.obj (.text:EMACTimestampIntStatus)
                  00009160    00000006                   : emac.obj (.text:EMACTxDMADescriptorListSet)
                  00009166    00000006                   : gpio.obj (.text:GPIOPinRead)
                  0000916c    00000006                   : gpio.obj (.text:GPIOPinWrite)
                  00009172    00000006     startup_ccs.obj (.text:ResetISR)
                  00009178    00000006     driverlib.lib : sysctl.obj (.text:SysCtlDelay)
                  0000917e    00000006     ___Bachelorarbeit.obj (.text:SysTickIntHandler)
                  00009184    00000006     lwiplib.obj (.text:tcp_abort)
                  0000918a    00000006     lwiplib.obj (.text:tcp_accept_null)
                  00009190    00000006     lwiplib.obj (.text:tcp_err)
                  00009196    00000006     lwiplib.obj (.text:tcp_new)
                  0000919c    00000006     lwiplib.obj (.text:tcp_recv)
                  000091a2    00000004     rtsv7M4_T_le_v4SPD16_eabi.lib : pre_init.c.obj (.text:_system_pre_init)
                  000091a6    00000004                                   : exit.c.obj (.text:abort:abort)
                  000091aa    00000004     io_fs.obj (.text:fs_close)
                  000091ae    00000004     lwiplib.obj (.text:tcp_accept)
                  000091b2    00000004     lwiplib.obj (.text:tcp_arg)
                  000091b6    00000004     lwiplib.obj (.text:tcp_sent)
                  000091ba    00000004     lwiplib.obj (.text:tcp_setprio)

.const     0    000091c0    00004dd8     
                  000091c0    00002b04     io_fs.obj (.const:.string:data_io_cgi_ssi)
                  0000bcc4    000010b8     io_fs.obj (.const:.string:data_javascript_js)
                  0000cd7c    00000440     httpd.obj (.const:.string)
                  0000d1bc    000003ee     io_fs.obj (.const:.string:data_index_htm)
                  0000d5aa    00000002     --HOLE-- [fill = 0]
                  0000d5ac    000001ca     ___Bachelorarbeit.obj (.const:.string)
                  0000d776    00000002     --HOLE-- [fill = 0]
                  0000d778    000001b0     driverlib.lib : sysctl.obj (.const:g_pppui32XTALtoVCO)
                  0000d928    0000012c     io_fs.obj (.const:.string:data_404_htm)
                  0000da54    00000101     rtsv7M4_T_le_v4SPD16_eabi.lib : ctype.c.obj (.const:.string:_ctypes_)
                  0000db55    00000003     --HOLE-- [fill = 0]
                  0000db58    0000009c     driverlib.lib : interrupt.obj (.const:g_pui32Regs)
                  0000dbf4    00000090                   : gpio.obj (.const:g_pui32GPIOBaseAddrs)
                  0000dc84    00000088     httpd.obj (.const:g_psHTTPHeaders)
                  0000dd0c    00000070     driverlib.lib : interrupt.obj (.const)
                  0000dd7c    0000006c                   : sysctl.obj (.const:g_pui32Xtals)
                  0000dde8    00000068     httpd.obj (.const:g_psHTTPHeaderStrings)
                  0000de50    00000030     driverlib.lib : sysctl.obj (.const:g_sXTALtoMEMTIM)
                  0000de80    00000028     httpd.obj (.const:g_psDefaultFilenames)
                  0000dea8    00000018     driverlib.lib : emac.obj (.const)
                  0000dec0    00000014     io_fs.obj (.const:file_404_htm)
                  0000ded4    00000014     io_fs.obj (.const:file_index_htm)
                  0000dee8    00000014     io_fs.obj (.const:file_io_cgi_ssi)
                  0000defc    00000014     io_fs.obj (.const:file_javascript_js)
                  0000df10    00000010     httpd.obj (.const:g_pcSSIExtensions)
                  0000df20    00000010     lwiplib.obj (.const:memp_num)
                  0000df30    00000010     lwiplib.obj (.const:memp_sizes)
                  0000df40    00000010     lwiplib.obj (.const:tcp_pcb_lists)
                  0000df50    0000000d     lwiplib.obj (.const:.string:tcp_backoff)
                  0000df5d    00000003     --HOLE-- [fill = 0]
                  0000df60    0000000c     uartstdio.obj (.const:g_ui32UARTBase)
                  0000df6c    0000000c     uartstdio.obj (.const:g_ui32UARTPeriph)
                  0000df78    00000008     driverlib.lib : sysctl.obj (.const)
                  0000df80    00000007     lwiplib.obj (.const:.string:tcp_persist_backoff)
                  0000df87    00000006     lwiplib.obj (.const:ethbroadcast)
                  0000df8d    00000006     lwiplib.obj (.const:ethzero)
                  0000df93    00000001     --HOLE-- [fill = 0]
                  0000df94    00000004     lwiplib.obj (.const:ip_addr_any)

.cinit     0    0000df98    00000110     
                  0000df98    000000d7     (.cinit..data.load) [load image, compression = lzss]
                  0000e06f    00000001     --HOLE-- [fill = 0]
                  0000e070    0000000c     (__TI_handler_table)
                  0000e07c    00000004     --HOLE-- [fill = 0]
                  0000e080    00000008     (.cinit..bss.load) [load image, compression = zero_init]
                  0000e088    00000008     (.cinit..vtable.load) [load image, compression = zero_init]
                  0000e090    00000018     (__TI_cinit_table)

.init_array 
*          0    00000000    00000000     UNINITIALIZED

.vtable    0    20000000    0000026c     UNINITIALIZED
                  20000000    0000026c     driverlib.lib : interrupt.obj (.vtable)

.bss       0    20000270    00017c76     UNINITIALIZED
                  20000270    0001001c     (.common:ram_heap)
                  2001028c    000073d4     lwiplib.obj (.bss:memp_memory)
                  20017660    00000360     (.common:g_pTxDescriptors)
                  200179c0    00000120     (.common:g_pRxDescriptors)
                  20017ae0    00000120     (.common:lwip_stats)
                  20017c00    000000c8     lwiplib.obj (.bss:arp_table)
                  20017cc8    00000064     (.common:Arr_Spannung)
                  20017d2c    00000064     (.common:Arr_Strom)
                  20017d90    00000050     lwiplib.obj (.bss)
                  20017de0    00000030     lwiplib.obj (.bss:g_sNetIF)
                  20017e10    00000020     lwiplib.obj (.bss:memp_tab)
                  20017e30    00000020     (.common:ulADC0Value)
                  20017e50    00000010     lwiplib.obj (.bss:inseg)
                  20017e60    00000008     (.common:ulTempAvg)
                  20017e68    00000004     io_fs.obj (.bss:pcBuf$1)
                  20017e6c    00000004     (.common:Current)
                  20017e70    00000004     (.common:Voltage)
                  20017e74    00000004     (.common:adcGetValues)
                  20017e78    00000004     (.common:current_header)
                  20017e7c    00000004     (.common:current_iphdr_dest)
                  20017e80    00000004     (.common:current_iphdr_src)
                  20017e84    00000004     (.common:current_netif)
                  20017e88    00000004     (.common:g_iNumCGIs)
                  20017e8c    00000004     (.common:g_pCGIs)
                  20017e90    00000004     (.common:g_pfnTimerHandler)
                  20017e94    00000004     (.common:g_ui32AbnormalInts)
                  20017e98    00000004     (.common:g_ui32IPAddress)
                  20017e9c    00000004     (.common:g_ui32NormalInts)
                  20017ea0    00000004     (.common:g_ui32SysClock)
                  20017ea4    00000004     (.common:g_ulAnimSpeed)
                  20017ea8    00000004     (.common:g_ulAnimSpeed2)
                  20017eac    00000004     (.common:help)
                  20017eb0    00000004     (.common:hilfe)
                  20017eb4    00000004     (.common:i)
                  20017eb8    00000004     (.common:netif_default)
                  20017ebc    00000004     (.common:netif_list)
                  20017ec0    00000004     (.common:tcp_active_pcbs)
                  20017ec4    00000004     (.common:tcp_bound_pcbs)
                  20017ec8    00000004     (.common:tcp_input_pcb)
                  20017ecc    00000004     (.common:tcp_listen_pcbs)
                  20017ed0    00000004     (.common:tcp_ticks)
                  20017ed4    00000004     (.common:tcp_tmp_pcb)
                  20017ed8    00000004     (.common:tcp_tw_pcbs)
                  20017edc    00000004     (.common:udp_pcbs)
                  20017ee0    00000004     (.common:ui32Lupe)
                  20017ee4    00000001     (.common:pbuf_free_ooseq_pending)
                  20017ee5    00000001     (.common:tcp_active_pcbs_changed)

.data      0    20018ee8    00000138     UNINITIALIZED
                  20018ee8    000000c8     ___Bachelorarbeit.obj (.data:g_pcConfigSSITags)
                  20018fb0    00000020     lwiplib.obj (.data)
                  20018fd0    00000010     lwiplib.obj (.data:g_RxDescList)
                  20018fe0    00000010     lwiplib.obj (.data:g_TxDescList)
                  20018ff0    0000000c     ___Bachelorarbeit.obj (.data)
                  20018ffc    0000000c     lwiplib.obj (.data:g_StellarisIFData)
                  20019008    0000000c     httpd.obj (.data)
                  20019014    00000005     uartstdio.obj (.data)
                  20019019    00000003     --HOLE--
                  2001901c    00000004     rtsv7M4_T_le_v4SPD16_eabi.lib : errno.c.obj (.data)

.stack     0    20017ee8    00001000     UNINITIALIZED
                  20017ee8    00000004     rtsv7M4_T_le_v4SPD16_eabi.lib : boot_cortex_m.c.obj (.stack)
                  20017eec    00000ffc     --HOLE--

MODULE SUMMARY

       Module                       code    ro data   rw data
       ------                       ----    -------   -------
    .\
       io_fs.obj                    202     16678     4      
       ___Bachelorarbeit.obj        2212    458       488    
       startup_ccs.obj              12      512       0      
       io.obj                       62      0         8      
    +--+----------------------------+-------+---------+---------+
       Total:                       2488    17648     500    
                                                             
    .\drivers\
       pinout.obj                   536     0         0      
    +--+----------------------------+-------+---------+---------+
       Total:                       536     0         0      
                                                             
    .\third_party\lwip-1.4.1\apps\httpserver_raw\
       httpd.obj                    3048    1384      20     
    +--+----------------------------+-------+---------+---------+
       Total:                       3048    1384      20     
                                                             
    .\utils\
       lwiplib.obj                  18702   84        97178  
       ustdlib.obj                  747     0         0      
       uartstdio.obj                684     24        5      
    +--+----------------------------+-------+---------+---------+
       Total:                       20133   108       97183  
                                                             
    C:/ti/TivaWare_C_Series-2.1.4.178/driverlib/ccs/Debug/driverlib.lib
       sysctl.obj                   822     596       0      
       interrupt.obj                312     268       620    
       emac.obj                     692     24        0      
       gpio.obj                     486     144       0      
       systick.obj                  56      0         0      
       flash.obj                    20      0         0      
       cpu.obj                      12      0         0      
    +--+----------------------------+-------+---------+---------+
       Total:                       2400    1032      620    
                                                             
    C:\ti\ccsv8\tools\compiler\ti-cgt-arm_18.1.2.LTS\lib\rtsv7M4_T_le_v4SPD16_eabi.lib
       _printfi.c.obj               4863    0         0      
       fd_add_t2.asm.obj            438     0         0      
       fd_div_t2.asm.obj            310     0         0      
       s_scalbn.c.obj               272     0         0      
       fd_cmp_t2.asm.obj            268     0         0      
       ctype.c.obj                  0       257       0      
       fd_mul_t2.asm.obj            252     0         0      
       memcpy_t2.asm.obj            156     0         0      
       ull_div_t2.asm.obj           150     0         0      
       snprintf.c.obj               148     0         0      
       memset_t2.asm.obj            122     0         0      
       fd_tos_t2.asm.obj            110     0         0      
       copy_decompress_lzss.c.obj   104     0         0      
       s_frexp.c.obj                100     0         0      
       ltoa.c.obj                   84      0         0      
       atoi.c.obj                   76      0         0      
       fd_toi_t2.asm.obj            72      0         0      
       autoinit.c.obj               68      0         0      
       u_divt2.asm.obj              64      0         0      
       boot_cortex_m.c.obj          56      0         0      
       fs_tod_t2.asm.obj            56      0         0      
       strstr.c.obj                 52      0         0      
       i_tofd_t2.asm.obj            46      0         0      
       strncmp.c.obj                44      0         0      
       memcmp.c.obj                 36      0         0      
       u_tofd_t2.asm.obj            32      0         0      
       memccpy.c.obj                28      0         0      
       strcmp.c.obj                 24      0         0      
       strchr.c.obj                 22      0         0      
       s_copysign.c.obj             20      0         0      
       strlen.c.obj                 20      0         0      
       wcslen.c.obj                 18      0         0      
       copy_decompress_none.c.obj   14      0         0      
       copy_zero_init.c.obj         12      0         0      
       errno.c.obj                  8       0         4      
       exit.c.obj                   4       0         0      
       pre_init.c.obj               4       0         0      
       div0.asm.obj                 2       0         0      
    +--+----------------------------+-------+---------+---------+
       Total:                       8155    257       4      
                                                             
       Stack:                       0       0         4096   
       Linker Generated:            0       267       0      
    +--+----------------------------+-------+---------+---------+
       Grand Total:                 36760   20696     102423 


LINKER GENERATED COPY TABLES

__TI_cinit_table @ 0000e090 records: 3, size/record: 8, table size: 24
	.data: load addr=0000df98, load size=000000d7 bytes, run addr=20018ee8, run size=00000138 bytes, compression=lzss
	.bss: load addr=0000e080, load size=00000008 bytes, run addr=20000270, run size=00017c76 bytes, compression=zero_init
	.vtable: load addr=0000e088, load size=00000008 bytes, run addr=20000000, run size=0000026c bytes, compression=zero_init


LINKER GENERATED HANDLER TABLE

__TI_handler_table @ 0000e070 records: 3, size/record: 4, table size: 12
	index: 0, handler: __TI_zero_init
	index: 1, handler: __TI_decompress_lzss
	index: 2, handler: __TI_decompress_none


GLOBAL SYMBOLS: SORTED ALPHABETICALLY BY Name 

address   name                          
-------   ----                          
00008941  ADC0IntHandler                
00008d43  ADCClockConfigSet             
00009039  ADCHardwareOversampleConfigure
00009111  ADCIntClear                   
00009047  ADCIntDisable                 
00008fb9  ADCIntEnable                  
00008d5b  ADCIntRegister                
0000907f  ADCReferenceSet               
00007b7d  ADCSequenceConfigure          
00008c45  ADCSequenceDataGet            
00009055  ADCSequenceDisable            
00009063  ADCSequenceEnable             
00006969  ADCSequenceStepConfigure      
20017cc8  Arr_Spannung                  
20017d2c  Arr_Strom                     
000091a7  C$$EXIT                       
0000908b  CPUcpsie                      
20017e6c  Current                       
00008351  DisplayIPAddress              
00008c63  EMACAddrGet                   
00008549  EMACConfigGet                 
00008389  EMACConfigSet                 
00008fc9  EMACFrameFilterSet            
00006ad9  EMACInit                      
0000857d  EMACIntClear                  
000082db  EMACIntEnable                 
0000883d  EMACIntStatus                 
00007699  EMACPHYConfigSet              
00008991  EMACPHYRead                   
000089b7  EMACPHYWrite                  
00009125  EMACPowerManagementStatusGet  
00008e05  EMACReset                     
00009155  EMACRxDMADescriptorListSet    
00008e1b  EMACRxEnable                  
0000915b  EMACTimestampIntStatus        
00009161  EMACTxDMADescriptorListSet    
0000912d  EMACTxDMAPollDemand           
00008e31  EMACTxEnable                  
00008e89  FlashUserGet                  
000065f5  Funktion_ADC                  
000088c1  GPIODirModeSet                
000045ed  GPIOPadConfigSet              
00007e7d  GPIOPinConfigure              
00009167  GPIOPinRead                   
00008f29  GPIOPinTypeADC                
00008f3b  GPIOPinTypeEthernetLED        
00008f4d  GPIOPinTypePWM                
0000916d  GPIOPinWrite                  
000058b5  InitDMADescriptors            
00006f41  IntDisable                    
00006fa9  IntEnable                     
00008fd9  IntMasterEnable               
00008a29  IntPrioritySet                
000085b1  IntRegister                   
20018ff4  OFF                           
20018ff0  ON                            
00008b01  PWMGenConfigure               
00009097  PWMGenEnable                  
00008fe9  PWMGenPeriodSet               
00008f5f  PWMOutputState                
00008c81  PWMPulseWidthSet              
00002dd9  PinoutSet                     
00009173  ResetISR                      
00002ff1  SysCtlClockFreqSet            
00009179  SysCtlDelay                   
000090a5  SysCtlMOSCConfigSet           
000085e5  SysCtlPeripheralEnable        
000083c1  SysCtlPeripheralReady         
000079ed  SysCtlPeripheralReset         
00008e9d  SysTickEnable                 
00008eb1  SysTickIntEnable              
0000917f  SysTickIntHandler             
00008ff9  SysTickPeriodSet              
000073b1  UARTStdioConfig               
00008cf5  UARTprintf                    
000031f1  UARTvprintf                   
00007ec5  UARTwrite                     
20017e70  Voltage                       
20018ee8  __STACK_END                   
00001000  __STACK_SIZE                  
200182e8  __STACK_TOP                   
0000e090  __TI_CINIT_Base               
0000e0a8  __TI_CINIT_Limit              
0000e070  __TI_Handler_Table_Base       
0000e07c  __TI_Handler_Table_Limit      
00008195  __TI_auto_init_nobinit_nopinit
00007011  __TI_decompress_lzss          
00009071  __TI_decompress_none          
ffffffff  __TI_pprof_out_hndl           
00000201  __TI_printfi                  
ffffffff  __TI_prof_data_size           
ffffffff  __TI_prof_data_start          
00000000  __TI_static_base__            
000090b1  __TI_zero_init                
000063e1  __aeabi_cdcmpeq               
000063e1  __aeabi_cdcmple               
00006467  __aeabi_cdrcmple              
00006dfb  __aeabi_d2f                   
0000802d  __aeabi_d2iz                  
00003933  __aeabi_dadd                  
000044b7  __aeabi_ddiv                  
00004fc9  __aeabi_dmul                  
00003929  __aeabi_dsub                  
00009135  __aeabi_errno_addr            
000084a1  __aeabi_f2d                   
000087e1  __aeabi_i2d                   
00003adf  __aeabi_idiv0                 
00003adf  __aeabi_ldiv0                 
000069e3  __aeabi_memclr                
000069e3  __aeabi_memclr4               
000069e3  __aeabi_memclr8               
0000605f  __aeabi_memcpy                
0000605f  __aeabi_memcpy4               
0000605f  __aeabi_memcpy8               
000069e5  __aeabi_memset                
000069e5  __aeabi_memset4               
000069e5  __aeabi_memset8               
00008ba5  __aeabi_ui2d                  
0000825d  __aeabi_uidiv                 
0000825d  __aeabi_uidivmod              
00006199  __aeabi_uldivmod              
ffffffff  __binit__                     
ffffffff  __c_args__                    
UNDEFED   __mpu_init                    
20017ee8  __stack                       
000083f9  _c_int00_noargs               
0000da54  _ctypes_                      
UNDEFED   _system_post_cinit            
000091a3  _system_pre_init              
000091a7  abort                         
20017e74  adcGetValues                  
00007c69  atoi                          
ffffffff  binit                         
00008ec5  copysign                      
00008ec5  copysignl                     
20017e78  current_header                
20017e7c  current_iphdr_dest            
20017e80  current_iphdr_src             
20017e84  current_netif                 
20018ff8  end                           
2001901c  errno                         
00004965  etharp_output                 
00004a7d  etharp_query                  
00008869  etharp_request                
0000821d  etharp_tmr                    
0000df87  ethbroadcast                  
00005d1d  ethernet_input                
0000df8d  ethzero                       
0000dec0  file_404_htm                  
0000ded4  file_index_htm                
0000dee8  file_io_cgi_ssi               
0000defc  file_javascript_js            
000072e9  frexp                         
000072e9  frexpl                        
0000913d  fs_bytes_left                 
000091ab  fs_close                      
000064ed  fs_open                       
00008315  fs_read                       
20018fd0  g_RxDescList                  
20018fe0  g_TxDescList                  
20017e88  g_iNumCGIs                    
2001900c  g_iNumTags                    
20017e8c  g_pCGIs                       
200179c0  g_pRxDescriptors              
20017660  g_pTxDescriptors              
0000df10  g_pcSSIExtensions             
20000000  g_pfnRAMVectors               
20019008  g_pfnSSIHandler               
20017e90  g_pfnTimerHandler             
00000000  g_pfnVectors                  
20019010  g_ppcTags                     
0000de80  g_psDefaultFilenames          
20017e94  g_ui32AbnormalInts            
20017e98  g_ui32IPAddress               
20018fb4  g_ui32LocalTimer              
20017e9c  g_ui32NormalInts              
20017ea0  g_ui32SysClock                
20017ea4  g_ulAnimSpeed                 
20017ea8  g_ulAnimSpeed2                
20017eac  help                          
20017eb0  hilfe                         
00008ca1  http_set_ssi_handler          
000090bd  httpd_init                    
20017eb4  i                             
0000914d  icmp_dest_unreach             
00003c89  icmp_input                    
00009009  inet_chksum                   
00007bcb  inet_chksum_pbuf              
00005f21  inet_chksum_pseudo            
000033db  io_init                       
0000871d  ip4_addr_isbroadcast          
0000df94  ip_addr_any                   
000035ad  ip_input                      
00007fe5  ip_output                     
000052a9  ip_output_if                  
00007cb5  ip_route                      
00004db9  ldexp                         
00004db9  ldexpl                        
0000784d  ltoa                          
00006675  lwIPEthernetIntHandler        
00005bb5  lwIPHostTimerHandler          
00005479  lwIPInit                      
000090c9  lwIPLocalIPAddrGet            
00008b85  lwIPTimer                     
00008d0f  lwip_htonl                    
000090d5  lwip_htons                    
00009019  lwip_init                     
00008d0f  lwip_ntohl                    
000090d5  lwip_ntohs                    
20017ae0  lwip_stats                    
00002035  main                          
00006cad  mem_free                      
00007471  mem_init                      
000050c5  mem_malloc                    
00005391  mem_trim                      
00008cbd  memccpy                       
00008a71  memcmp                        
0000605f  memcpy                        
00008469  memp_free                     
00006ed5  memp_init                     
00007749  memp_malloc                   
000069eb  memset                        
00007d01  netif_add                     
20017eb8  netif_default                 
20017ebc  netif_list                    
00008cd9  netif_set_addr                
000090e1  netif_set_default             
000090ed  netif_set_gw                  
000074cd  netif_set_ipaddr              
00008f71  netif_set_link_down           
00008a95  netif_set_link_up             
000090f9  netif_set_netmask             
00008ab9  netif_set_up                  
0000437d  pbuf_alloc                    
000088eb  pbuf_cat                      
00008f83  pbuf_clen                     
0000622f  pbuf_copy                     
00007281  pbuf_copy_partial             
00007c19  pbuf_free                     
20017ee4  pbuf_free_ooseq_pending       
0000734d  pbuf_header                   
0000763d  pbuf_realloc                  
00008e5d  pbuf_ref                      
00008ed9  post_to_server                
00008969  post_to_server2               
20000270  ram_heap                      
00006bc5  raw_input                     
00004db9  scalbn                        
00004db9  scalbnl                       
00007d4d  snprintf                      
00008e73  strchr                        
00008dbd  strcmp                        
00008eed  strlen                        
00008895  strncmp                       
0000864d  strstr                        
00009029  sys_arch_protect              
00008f01  sys_arch_unprotect            
00009105  sys_now                       
00007149  sys_timeout                   
00008bc5  sys_timeouts_init             
000062c1  tcp_abandon                   
00009185  tcp_abort                     
000091af  tcp_accept                    
20017ec0  tcp_active_pcbs               
20017ee5  tcp_active_pcbs_changed       
000057e5  tcp_alloc                     
000091b3  tcp_arg                       
0000df50  tcp_backoff                   
000067f5  tcp_bind                      
20017ec4  tcp_bound_pcbs                
00008f15  tcp_close                     
00008be5  tcp_eff_send_mss              
00005dc9  tcp_enqueue_flags             
00009191  tcp_err                       
00006d1d  tcp_fasttmr                   
000018b5  tcp_input                     
20017ec8  tcp_input_pcb                 
00007529  tcp_keepalive                 
20017ecc  tcp_listen_pcbs               
000060fd  tcp_listen_with_backlog       
00009197  tcp_new                       
00008dd5  tcp_next_iss                  
00003e2d  tcp_output                    
0000df40  tcp_pcb_lists                 
000081d9  tcp_pcb_purge                 
00007585  tcp_pcb_remove                
0000df80  tcp_persist_backoff           
0000911b  tcp_poll                      
00007219  tcp_process_refused_data      
0000919d  tcp_recv                      
00008a03  tcp_recv_null                 
0000874f  tcp_recved                    
000077f7  tcp_rexmit                    
000080bd  tcp_rexmit_fast               
0000880f  tcp_rexmit_rto                
00006351  tcp_rst                       
00008add  tcp_seg_copy                  
00008ded  tcp_seg_free                  
00008f95  tcp_segs_free                 
000075e1  tcp_send_empty_ack            
0000814d  tcp_send_fin                  
000091b7  tcp_sent                      
000091bb  tcp_setprio                   
0000264d  tcp_slowtmr                   
20017ed0  tcp_ticks                     
000086b5  tcp_timer_needed              
20017ed4  tcp_tmp_pcb                   
00008c05  tcp_tmr                       
20017ed8  tcp_tw_pcbs                   
000087b1  tcp_update_rcv_ann_wnd        
00002365  tcp_write                     
00005e75  tcp_zero_window_probe         
000086e9  tivaif_init                   
00007de5  tivaif_interrupt              
000068ed  tivaif_process_phy_interrupt  
0000376d  udp_input                     
20017edc  udp_pcbs                      
20017ee0  ui32Lupe                      
20017e30  ulADC0Value                   
20017e60  ulTempAvg                     
00008d29  usnprintf                     
00008c25  usprintf                      
00008511  ustrncmp                      
00008915  ustrncpy                      
00002b85  uvsnprintf                    
00008fa7  wcslen                        


GLOBAL SYMBOLS: SORTED BY Symbol Address 

address   name                          
-------   ----                          
00000000  __TI_static_base__            
00000000  g_pfnVectors                  
00000201  __TI_printfi                  
00001000  __STACK_SIZE                  
000018b5  tcp_input                     
00002035  main                          
00002365  tcp_write                     
0000264d  tcp_slowtmr                   
00002b85  uvsnprintf                    
00002dd9  PinoutSet                     
00002ff1  SysCtlClockFreqSet            
000031f1  UARTvprintf                   
000033db  io_init                       
000035ad  ip_input                      
0000376d  udp_input                     
00003929  __aeabi_dsub                  
00003933  __aeabi_dadd                  
00003adf  __aeabi_idiv0                 
00003adf  __aeabi_ldiv0                 
00003c89  icmp_input                    
00003e2d  tcp_output                    
0000437d  pbuf_alloc                    
000044b7  __aeabi_ddiv                  
000045ed  GPIOPadConfigSet              
00004965  etharp_output                 
00004a7d  etharp_query                  
00004db9  ldexp                         
00004db9  ldexpl                        
00004db9  scalbn                        
00004db9  scalbnl                       
00004fc9  __aeabi_dmul                  
000050c5  mem_malloc                    
000052a9  ip_output_if                  
00005391  mem_trim                      
00005479  lwIPInit                      
000057e5  tcp_alloc                     
000058b5  InitDMADescriptors            
00005bb5  lwIPHostTimerHandler          
00005d1d  ethernet_input                
00005dc9  tcp_enqueue_flags             
00005e75  tcp_zero_window_probe         
00005f21  inet_chksum_pseudo            
0000605f  __aeabi_memcpy                
0000605f  __aeabi_memcpy4               
0000605f  __aeabi_memcpy8               
0000605f  memcpy                        
000060fd  tcp_listen_with_backlog       
00006199  __aeabi_uldivmod              
0000622f  pbuf_copy                     
000062c1  tcp_abandon                   
00006351  tcp_rst                       
000063e1  __aeabi_cdcmpeq               
000063e1  __aeabi_cdcmple               
00006467  __aeabi_cdrcmple              
000064ed  fs_open                       
000065f5  Funktion_ADC                  
00006675  lwIPEthernetIntHandler        
000067f5  tcp_bind                      
000068ed  tivaif_process_phy_interrupt  
00006969  ADCSequenceStepConfigure      
000069e3  __aeabi_memclr                
000069e3  __aeabi_memclr4               
000069e3  __aeabi_memclr8               
000069e5  __aeabi_memset                
000069e5  __aeabi_memset4               
000069e5  __aeabi_memset8               
000069eb  memset                        
00006ad9  EMACInit                      
00006bc5  raw_input                     
00006cad  mem_free                      
00006d1d  tcp_fasttmr                   
00006dfb  __aeabi_d2f                   
00006ed5  memp_init                     
00006f41  IntDisable                    
00006fa9  IntEnable                     
00007011  __TI_decompress_lzss          
00007149  sys_timeout                   
00007219  tcp_process_refused_data      
00007281  pbuf_copy_partial             
000072e9  frexp                         
000072e9  frexpl                        
0000734d  pbuf_header                   
000073b1  UARTStdioConfig               
00007471  mem_init                      
000074cd  netif_set_ipaddr              
00007529  tcp_keepalive                 
00007585  tcp_pcb_remove                
000075e1  tcp_send_empty_ack            
0000763d  pbuf_realloc                  
00007699  EMACPHYConfigSet              
00007749  memp_malloc                   
000077f7  tcp_rexmit                    
0000784d  ltoa                          
000079ed  SysCtlPeripheralReset         
00007b7d  ADCSequenceConfigure          
00007bcb  inet_chksum_pbuf              
00007c19  pbuf_free                     
00007c69  atoi                          
00007cb5  ip_route                      
00007d01  netif_add                     
00007d4d  snprintf                      
00007de5  tivaif_interrupt              
00007e7d  GPIOPinConfigure              
00007ec5  UARTwrite                     
00007fe5  ip_output                     
0000802d  __aeabi_d2iz                  
000080bd  tcp_rexmit_fast               
0000814d  tcp_send_fin                  
00008195  __TI_auto_init_nobinit_nopinit
000081d9  tcp_pcb_purge                 
0000821d  etharp_tmr                    
0000825d  __aeabi_uidiv                 
0000825d  __aeabi_uidivmod              
000082db  EMACIntEnable                 
00008315  fs_read                       
00008351  DisplayIPAddress              
00008389  EMACConfigSet                 
000083c1  SysCtlPeripheralReady         
000083f9  _c_int00_noargs               
00008469  memp_free                     
000084a1  __aeabi_f2d                   
00008511  ustrncmp                      
00008549  EMACConfigGet                 
0000857d  EMACIntClear                  
000085b1  IntRegister                   
000085e5  SysCtlPeripheralEnable        
0000864d  strstr                        
000086b5  tcp_timer_needed              
000086e9  tivaif_init                   
0000871d  ip4_addr_isbroadcast          
0000874f  tcp_recved                    
000087b1  tcp_update_rcv_ann_wnd        
000087e1  __aeabi_i2d                   
0000880f  tcp_rexmit_rto                
0000883d  EMACIntStatus                 
00008869  etharp_request                
00008895  strncmp                       
000088c1  GPIODirModeSet                
000088eb  pbuf_cat                      
00008915  ustrncpy                      
00008941  ADC0IntHandler                
00008969  post_to_server2               
00008991  EMACPHYRead                   
000089b7  EMACPHYWrite                  
00008a03  tcp_recv_null                 
00008a29  IntPrioritySet                
00008a71  memcmp                        
00008a95  netif_set_link_up             
00008ab9  netif_set_up                  
00008add  tcp_seg_copy                  
00008b01  PWMGenConfigure               
00008b85  lwIPTimer                     
00008ba5  __aeabi_ui2d                  
00008bc5  sys_timeouts_init             
00008be5  tcp_eff_send_mss              
00008c05  tcp_tmr                       
00008c25  usprintf                      
00008c45  ADCSequenceDataGet            
00008c63  EMACAddrGet                   
00008c81  PWMPulseWidthSet              
00008ca1  http_set_ssi_handler          
00008cbd  memccpy                       
00008cd9  netif_set_addr                
00008cf5  UARTprintf                    
00008d0f  lwip_htonl                    
00008d0f  lwip_ntohl                    
00008d29  usnprintf                     
00008d43  ADCClockConfigSet             
00008d5b  ADCIntRegister                
00008dbd  strcmp                        
00008dd5  tcp_next_iss                  
00008ded  tcp_seg_free                  
00008e05  EMACReset                     
00008e1b  EMACRxEnable                  
00008e31  EMACTxEnable                  
00008e5d  pbuf_ref                      
00008e73  strchr                        
00008e89  FlashUserGet                  
00008e9d  SysTickEnable                 
00008eb1  SysTickIntEnable              
00008ec5  copysign                      
00008ec5  copysignl                     
00008ed9  post_to_server                
00008eed  strlen                        
00008f01  sys_arch_unprotect            
00008f15  tcp_close                     
00008f29  GPIOPinTypeADC                
00008f3b  GPIOPinTypeEthernetLED        
00008f4d  GPIOPinTypePWM                
00008f5f  PWMOutputState                
00008f71  netif_set_link_down           
00008f83  pbuf_clen                     
00008f95  tcp_segs_free                 
00008fa7  wcslen                        
00008fb9  ADCIntEnable                  
00008fc9  EMACFrameFilterSet            
00008fd9  IntMasterEnable               
00008fe9  PWMGenPeriodSet               
00008ff9  SysTickPeriodSet              
00009009  inet_chksum                   
00009019  lwip_init                     
00009029  sys_arch_protect              
00009039  ADCHardwareOversampleConfigure
00009047  ADCIntDisable                 
00009055  ADCSequenceDisable            
00009063  ADCSequenceEnable             
00009071  __TI_decompress_none          
0000907f  ADCReferenceSet               
0000908b  CPUcpsie                      
00009097  PWMGenEnable                  
000090a5  SysCtlMOSCConfigSet           
000090b1  __TI_zero_init                
000090bd  httpd_init                    
000090c9  lwIPLocalIPAddrGet            
000090d5  lwip_htons                    
000090d5  lwip_ntohs                    
000090e1  netif_set_default             
000090ed  netif_set_gw                  
000090f9  netif_set_netmask             
00009105  sys_now                       
00009111  ADCIntClear                   
0000911b  tcp_poll                      
00009125  EMACPowerManagementStatusGet  
0000912d  EMACTxDMAPollDemand           
00009135  __aeabi_errno_addr            
0000913d  fs_bytes_left                 
0000914d  icmp_dest_unreach             
00009155  EMACRxDMADescriptorListSet    
0000915b  EMACTimestampIntStatus        
00009161  EMACTxDMADescriptorListSet    
00009167  GPIOPinRead                   
0000916d  GPIOPinWrite                  
00009173  ResetISR                      
00009179  SysCtlDelay                   
0000917f  SysTickIntHandler             
00009185  tcp_abort                     
00009191  tcp_err                       
00009197  tcp_new                       
0000919d  tcp_recv                      
000091a3  _system_pre_init              
000091a7  C$$EXIT                       
000091a7  abort                         
000091ab  fs_close                      
000091af  tcp_accept                    
000091b3  tcp_arg                       
000091b7  tcp_sent                      
000091bb  tcp_setprio                   
0000da54  _ctypes_                      
0000de80  g_psDefaultFilenames          
0000dec0  file_404_htm                  
0000ded4  file_index_htm                
0000dee8  file_io_cgi_ssi               
0000defc  file_javascript_js            
0000df10  g_pcSSIExtensions             
0000df40  tcp_pcb_lists                 
0000df50  tcp_backoff                   
0000df80  tcp_persist_backoff           
0000df87  ethbroadcast                  
0000df8d  ethzero                       
0000df94  ip_addr_any                   
0000e070  __TI_Handler_Table_Base       
0000e07c  __TI_Handler_Table_Limit      
0000e090  __TI_CINIT_Base               
0000e0a8  __TI_CINIT_Limit              
20000000  g_pfnRAMVectors               
20000270  ram_heap                      
20017660  g_pTxDescriptors              
200179c0  g_pRxDescriptors              
20017ae0  lwip_stats                    
20017cc8  Arr_Spannung                  
20017d2c  Arr_Strom                     
20017e30  ulADC0Value                   
20017e60  ulTempAvg                     
20017e6c  Current                       
20017e70  Voltage                       
20017e74  adcGetValues                  
20017e78  current_header                
20017e7c  current_iphdr_dest            
20017e80  current_iphdr_src             
20017e84  current_netif                 
20017e88  g_iNumCGIs                    
20017e8c  g_pCGIs                       
20017e90  g_pfnTimerHandler             
20017e94  g_ui32AbnormalInts            
20017e98  g_ui32IPAddress               
20017e9c  g_ui32NormalInts              
20017ea0  g_ui32SysClock                
20017ea4  g_ulAnimSpeed                 
20017ea8  g_ulAnimSpeed2                
20017eac  help                          
20017eb0  hilfe                         
20017eb4  i                             
20017eb8  netif_default                 
20017ebc  netif_list                    
20017ec0  tcp_active_pcbs               
20017ec4  tcp_bound_pcbs                
20017ec8  tcp_input_pcb                 
20017ecc  tcp_listen_pcbs               
20017ed0  tcp_ticks                     
20017ed4  tcp_tmp_pcb                   
20017ed8  tcp_tw_pcbs                   
20017edc  udp_pcbs                      
20017ee0  ui32Lupe                      
20017ee4  pbuf_free_ooseq_pending       
20017ee5  tcp_active_pcbs_changed       
20017ee8  __stack                       
200182e8  __STACK_TOP                   
20018ee8  __STACK_END                   
20018fb4  g_ui32LocalTimer              
20018fd0  g_RxDescList                  
20018fe0  g_TxDescList                  
20018ff0  ON                            
20018ff4  OFF                           
20018ff8  end                           
20019008  g_pfnSSIHandler               
2001900c  g_iNumTags                    
20019010  g_ppcTags                     
2001901c  errno                         
ffffffff  __TI_pprof_out_hndl           
ffffffff  __TI_prof_data_size           
ffffffff  __TI_prof_data_start          
ffffffff  __binit__                     
ffffffff  __c_args__                    
ffffffff  binit                         
UNDEFED   __mpu_init                    
UNDEFED   _system_post_cinit            

[326 symbols]
